|SC Ganguly|   0|
|SC Ganguly|   0|
+----------+----+
only showing top 20 rows

>>> bat_runs.show(400,False)
+-----------+----+
|batsman    |runs|
+-----------+----+
|SC Ganguly |0   |
|SC Ganguly |0   |
|SC Ganguly |0   |
|SC Ganguly |0   |
|SC Ganguly |0   |
|SC Ganguly |0   |
|SC Ganguly |0   |
|SC Ganguly |0   |
|SC Ganguly |4   |
|SC Ganguly |4   |
|SC Ganguly |6   |
|SC Ganguly |4   |
|SC Ganguly |0   |
|SC Ganguly |0   |
|SC Ganguly |0   |
|SC Ganguly |0   |
|SC Ganguly |4   |
|SC Ganguly |1   |
|SC Ganguly |0   |
|SC Ganguly |0   |
|SC Ganguly |6   |
|SC Ganguly |0   |
|SC Ganguly |4   |
|SC Ganguly |0   |
|SC Ganguly |1   |
|SC Ganguly |6   |
|SC Ganguly |4   |
|SC Ganguly |1   |
|SC Ganguly |4   |
|SC Ganguly |0   |
|SC Ganguly |1   |
|SC Ganguly |0   |
|SC Ganguly |1   |
|SC Ganguly |0   |
|SC Ganguly |0   |
|SC Ganguly |0   |
|SC Ganguly |0   |
|SC Ganguly |0   |
|SC Ganguly |1   |
|SC Ganguly |1   |
|SC Ganguly |1   |
|SC Ganguly |2   |
|SC Ganguly |1   |
|SC Ganguly |1   |
|SC Ganguly |0   |
|SC Ganguly |1   |
|SC Ganguly |1   |
|SC Ganguly |1   |
|SC Ganguly |1   |
|SC Ganguly |1   |
|SC Ganguly |0   |
|SC Ganguly |0   |
|SC Ganguly |0   |
|SC Ganguly |1   |
|SC Ganguly |1   |
|SC Ganguly |2   |
|SC Ganguly |1   |
|SC Ganguly |1   |
|SC Ganguly |1   |
|SC Ganguly |0   |
|SC Ganguly |6   |
|SC Ganguly |1   |
|SC Ganguly |1   |
|SC Ganguly |4   |
|SC Ganguly |0   |
|SC Ganguly |6   |
|SC Ganguly |0   |
|SC Ganguly |0   |
|SC Ganguly |0   |
|SC Ganguly |6   |
|SC Ganguly |2   |
|SC Ganguly |1   |
|SC Ganguly |0   |
|SC Ganguly |1   |
|SC Ganguly |0   |
|SC Ganguly |4   |
|SC Ganguly |0   |
|SC Ganguly |2   |
|SC Ganguly |0   |
|SC Ganguly |4   |
|SC Ganguly |1   |
|SC Ganguly |1   |
|SC Ganguly |0   |
|SC Ganguly |1   |
|SC Ganguly |1   |
|SC Ganguly |1   |
|SC Ganguly |2   |
|SC Ganguly |4   |
|SC Ganguly |1   |
|SC Ganguly |6   |
|SC Ganguly |4   |
|SC Ganguly |0   |
|SC Ganguly |1   |
|SC Ganguly |6   |
|SC Ganguly |0   |
|SC Ganguly |1   |
|SC Ganguly |2   |
|SC Ganguly |0   |
|SC Ganguly |1   |
|SC Ganguly |0   |
|SC Ganguly |1   |
|SC Ganguly |2   |
|SC Ganguly |1   |
|SC Ganguly |6   |
|SC Ganguly |2   |
|SC Ganguly |2   |
|SC Ganguly |0   |
|SC Ganguly |1   |
|SC Ganguly |0   |
|SC Ganguly |1   |
|SC Ganguly |4   |
|SC Ganguly |1   |
|SC Ganguly |6   |
|SC Ganguly |0   |
|SC Ganguly |6   |
|SC Ganguly |4   |
|SC Ganguly |1   |
|SC Ganguly |4   |
|SC Ganguly |6   |
|SC Ganguly |6   |
|SC Ganguly |2   |
|SC Ganguly |0   |
|SC Ganguly |2   |
|SC Ganguly |6   |
|SC Ganguly |1   |
|SC Ganguly |0   |
|SC Ganguly |0   |
|SC Ganguly |1   |
|SC Ganguly |1   |
|SC Ganguly |0   |
|SC Ganguly |0   |
|SC Ganguly |0   |
|SC Ganguly |0   |
|SC Ganguly |0   |
|SC Ganguly |1   |
|SC Ganguly |0   |
|SC Ganguly |0   |
|SC Ganguly |0   |
|SC Ganguly |0   |
|SC Ganguly |1   |
|SC Ganguly |0   |
|SC Ganguly |0   |
|SC Ganguly |0   |
|SC Ganguly |1   |
|SC Ganguly |2   |
|SC Ganguly |1   |
|SC Ganguly |0   |
|SC Ganguly |0   |
|SC Ganguly |0   |
|SC Ganguly |0   |
|SC Ganguly |1   |
|SC Ganguly |1   |
|SC Ganguly |0   |
|SC Ganguly |6   |
|SC Ganguly |0   |
|SC Ganguly |0   |
|SC Ganguly |0   |
|SC Ganguly |0   |
|SC Ganguly |0   |
|SC Ganguly |1   |
|SC Ganguly |1   |
|SC Ganguly |0   |
|SC Ganguly |0   |
|SC Ganguly |0   |
|SC Ganguly |1   |
|SC Ganguly |0   |
|SC Ganguly |0   |
|SC Ganguly |0   |
|SC Ganguly |0   |
|SC Ganguly |4   |
|SC Ganguly |1   |
|SC Ganguly |0   |
|SC Ganguly |1   |
|SC Ganguly |2   |
|SC Ganguly |0   |
|SC Ganguly |0   |
|SC Ganguly |0   |
|SC Ganguly |0   |
|SC Ganguly |0   |
|SC Ganguly |0   |
|SC Ganguly |0   |
|SC Ganguly |1   |
|SC Ganguly |2   |
|SC Ganguly |0   |
|SC Ganguly |1   |
|SC Ganguly |0   |
|SC Ganguly |0   |
|SC Ganguly |0   |
|SC Ganguly |0   |
|SC Ganguly |4   |
|SC Ganguly |1   |
|SC Ganguly |0   |
|SC Ganguly |0   |
|SC Ganguly |0   |
|SC Ganguly |1   |
|SC Ganguly |4   |
|SC Ganguly |0   |
|SC Ganguly |1   |
|SC Ganguly |0   |
|SC Ganguly |0   |
|SC Ganguly |1   |
|SC Ganguly |0   |
|SC Ganguly |1   |
|SC Ganguly |6   |
|SC Ganguly |0   |
|SC Ganguly |1   |
|SC Ganguly |1   |
|SC Ganguly |0   |
|SC Ganguly |0   |
|SC Ganguly |1   |
|SC Ganguly |0   |
|SC Ganguly |1   |
|SC Ganguly |0   |
|SC Ganguly |0   |
|SC Ganguly |0   |
|SC Ganguly |6   |
|SC Ganguly |0   |
|SC Ganguly |0   |
|SC Ganguly |0   |
|SC Ganguly |1   |
|SC Ganguly |0   |
|SC Ganguly |1   |
|SC Ganguly |0   |
|SC Ganguly |0   |
|SC Ganguly |0   |
|BB McCullum|0   |
|BB McCullum|0   |
|BB McCullum|0   |
|BB McCullum|0   |
|BB McCullum|0   |
|BB McCullum|0   |
|BB McCullum|0   |
|BB McCullum|0   |
|BB McCullum|4   |
|BB McCullum|4   |
|BB McCullum|6   |
|BB McCullum|4   |
|BB McCullum|0   |
|BB McCullum|0   |
|BB McCullum|0   |
|BB McCullum|0   |
|BB McCullum|4   |
|BB McCullum|1   |
|BB McCullum|0   |
|BB McCullum|0   |
|BB McCullum|6   |
|BB McCullum|0   |
|BB McCullum|4   |
|BB McCullum|0   |
|BB McCullum|1   |
|BB McCullum|6   |
|BB McCullum|4   |
|BB McCullum|1   |
|BB McCullum|4   |
|BB McCullum|0   |
|BB McCullum|1   |
|BB McCullum|0   |
|BB McCullum|1   |
|BB McCullum|0   |
|BB McCullum|0   |
|BB McCullum|0   |
|BB McCullum|0   |
|BB McCullum|0   |
|BB McCullum|1   |
|BB McCullum|1   |
|BB McCullum|1   |
|BB McCullum|2   |
|BB McCullum|1   |
|BB McCullum|1   |
|BB McCullum|0   |
|BB McCullum|1   |
|BB McCullum|1   |
|BB McCullum|1   |
|BB McCullum|1   |
|BB McCullum|1   |
|BB McCullum|0   |
|BB McCullum|0   |
|BB McCullum|0   |
|BB McCullum|1   |
|BB McCullum|1   |
|BB McCullum|2   |
|BB McCullum|1   |
|BB McCullum|1   |
|BB McCullum|1   |
|BB McCullum|0   |
|BB McCullum|6   |
|BB McCullum|1   |
|BB McCullum|1   |
|BB McCullum|4   |
|BB McCullum|0   |
|BB McCullum|6   |
|BB McCullum|0   |
|BB McCullum|0   |
|BB McCullum|0   |
|BB McCullum|6   |
|BB McCullum|2   |
|BB McCullum|1   |
|BB McCullum|0   |
|BB McCullum|1   |
|BB McCullum|0   |
|BB McCullum|4   |
|BB McCullum|0   |
|BB McCullum|2   |
|BB McCullum|0   |
|BB McCullum|4   |
|BB McCullum|1   |
|BB McCullum|1   |
|BB McCullum|0   |
|BB McCullum|1   |
|BB McCullum|1   |
|BB McCullum|1   |
|BB McCullum|2   |
|BB McCullum|4   |
|BB McCullum|1   |
|BB McCullum|6   |
|BB McCullum|4   |
|BB McCullum|0   |
|BB McCullum|1   |
|BB McCullum|6   |
|BB McCullum|0   |
|BB McCullum|1   |
|BB McCullum|2   |
|BB McCullum|0   |
|BB McCullum|1   |
|BB McCullum|0   |
|BB McCullum|1   |
|BB McCullum|2   |
|BB McCullum|1   |
|BB McCullum|6   |
|BB McCullum|2   |
|BB McCullum|2   |
|BB McCullum|0   |
|BB McCullum|1   |
|BB McCullum|0   |
|BB McCullum|1   |
|BB McCullum|4   |
|BB McCullum|1   |
|BB McCullum|6   |
|BB McCullum|0   |
|BB McCullum|6   |
|BB McCullum|4   |
|BB McCullum|1   |
|BB McCullum|4   |
|BB McCullum|6   |
|BB McCullum|6   |
|BB McCullum|2   |
|BB McCullum|0   |
|BB McCullum|2   |
|BB McCullum|6   |
|BB McCullum|1   |
|BB McCullum|0   |
|BB McCullum|0   |
|BB McCullum|1   |
|BB McCullum|1   |
|BB McCullum|0   |
|BB McCullum|0   |
|BB McCullum|0   |
|BB McCullum|0   |
|BB McCullum|0   |
|BB McCullum|1   |
|BB McCullum|0   |
|BB McCullum|0   |
|BB McCullum|0   |
|BB McCullum|0   |
|BB McCullum|1   |
|BB McCullum|0   |
|BB McCullum|0   |
|BB McCullum|0   |
|BB McCullum|1   |
|BB McCullum|2   |
|BB McCullum|1   |
|BB McCullum|0   |
|BB McCullum|0   |
|BB McCullum|0   |
|BB McCullum|0   |
|BB McCullum|1   |
|BB McCullum|1   |
|BB McCullum|0   |
|BB McCullum|6   |
|BB McCullum|0   |
|BB McCullum|0   |
|BB McCullum|0   |
|BB McCullum|0   |
|BB McCullum|0   |
|BB McCullum|1   |
|BB McCullum|1   |
|BB McCullum|0   |
|BB McCullum|0   |
|BB McCullum|0   |
|BB McCullum|1   |
|BB McCullum|0   |
|BB McCullum|0   |
|BB McCullum|0   |
|BB McCullum|0   |
|BB McCullum|4   |
|BB McCullum|1   |
|BB McCullum|0   |
|BB McCullum|1   |
|BB McCullum|2   |
|BB McCullum|0   |
+-----------+----+
only showing top 400 rows

>>> 
>>> bat.summary().show()
[Stage 27:>                                                         (0 + 1) / 1                                                                               +-------+---------+
|summary|  batsman|
+-------+---------+
|  count|      225|
|   mean|     null|
| stddev|     null|
|    min|AA Noffke|
|    25%|     null|
|    50%|     null|
|    75%|     null|
|    max|   Z Khan|
+-------+---------+

>>> runs.summary().show()
+-------+-----------------+
|summary|             runs|
+-------+-----------------+
|  count|              225|
|   mean|1.191111111111111|
| stddev|1.771276555177264|
|    min|                0|
|    25%|                0|
|    50%|                1|
|    75%|                1|
|    max|                6|
+-------+-----------------+

>>> bowler.summary().show()
Traceback (most recent call last):
  File "<stdin>", line 1, in <module>
NameError: name 'bowler' is not defined
>>> bowlers.summary().show()
+-------+---------+
|summary|   bowler|
+-------+---------+
|  count|      225|
|   mean|     null|
| stddev|     null|
|    min|AA Noffke|
|    25%|     null|
|    50%|     null|
|    75%|     null|
|    max|   Z Khan|
+-------+---------+

>>> 
Traceback (most recent call last):
  File "/opt/spark/python/pyspark/context.py", line 285, in signal_handler
    raise KeyboardInterrupt()
KeyboardInterrupt
>>> df_new = bat.withColumn("batsman",lit(None))
>>> df1_new = bowlers.withColumn("bowler",lit(None))
>>> result = df_new.union(df1_new)
>>> result.show()
+-------+
|batsman|
+-------+
|   null|
|   null|
|   null|
|   null|
|   null|
|   null|
|   null|
|   null|
|   null|
|   null|
|   null|
|   null|
|   null|
|   null|
|   null|
|   null|
|   null|
|   null|
|   null|
|   null|
+-------+
only showing top 20 rows

>>> result.show(200,False)
+-------+
|batsman|
+-------+
|null   |
|null   |
|null   |
|null   |
|null   |
|null   |
|null   |
|null   |
|null   |
|null   |
|null   |
|null   |
|null   |
|null   |
|null   |
|null   |
|null   |
|null   |
|null   |
|null   |
|null   |
|null   |
|null   |
|null   |
|null   |
|null   |
|null   |
|null   |
|null   |
|null   |
|null   |
|null   |
|null   |
|null   |
|null   |
|null   |
|null   |
|null   |
|null   |
|null   |
|null   |
|null   |
|null   |
|null   |
|null   |
|null   |
|null   |
|null   |
|null   |
|null   |
|null   |
|null   |
|null   |
|null   |
|null   |
|null   |
|null   |
|null   |
|null   |
|null   |
|null   |
|null   |
|null   |
|null   |
|null   |
|null   |
|null   |
|null   |
|null   |
|null   |
|null   |
|null   |
|null   |
|null   |
|null   |
|null   |
|null   |
|null   |
|null   |
|null   |
|null   |
|null   |
|null   |
|null   |
|null   |
|null   |
|null   |
|null   |
|null   |
|null   |
|null   |
|null   |
|null   |
|null   |
|null   |
|null   |
|null   |
|null   |
|null   |
|null   |
|null   |
|null   |
|null   |
|null   |
|null   |
|null   |
|null   |
|null   |
|null   |
|null   |
|null   |
|null   |
|null   |
|null   |
|null   |
|null   |
|null   |
|null   |
|null   |
|null   |
|null   |
|null   |
|null   |
|null   |
|null   |
|null   |
|null   |
|null   |
|null   |
|null   |
|null   |
|null   |
|null   |
|null   |
|null   |
|null   |
|null   |
|null   |
|null   |
|null   |
|null   |
|null   |
|null   |
|null   |
|null   |
|null   |
|null   |
|null   |
|null   |
|null   |
|null   |
|null   |
|null   |
|null   |
|null   |
|null   |
|null   |
|null   |
|null   |
|null   |
|null   |
|null   |
|null   |
|null   |
|null   |
|null   |
|null   |
|null   |
|null   |
|null   |
|null   |
|null   |
|null   |
|null   |
|null   |
|null   |
|null   |
|null   |
|null   |
|null   |
|null   |
|null   |
|null   |
|null   |
|null   |
|null   |
|null   |
|null   |
|null   |
|null   |
|null   |
|null   |
|null   |
|null   |
|null   |
|null   |
|null   |
|null   |
|null   |
|null   |
+-------+
only showing top 200 rows

>>> con_cat = bat.select("batsman",col(runs."runs"))
  File "<stdin>", line 1
    con_cat = bat.select("batsman",col(runs."runs"))
                                            ^
SyntaxError: invalid syntax
>>> con_cat = bat.select("batsman",col(runs.runs))
Traceback (most recent call last):
  File "<stdin>", line 1, in <module>
  File "/opt/spark/python/pyspark/sql/functions.py", line 106, in col
    return _invoke_function("col", col)
  File "/opt/spark/python/pyspark/sql/functions.py", line 58, in _invoke_function
    return Column(jf(*args))
  File "/opt/spark/python/lib/py4j-0.10.9-src.zip/py4j/java_gateway.py", line 1296, in __call__
  File "/opt/spark/python/lib/py4j-0.10.9-src.zip/py4j/java_gateway.py", line 1260, in _build_args
  File "/opt/spark/python/lib/py4j-0.10.9-src.zip/py4j/java_gateway.py", line 1247, in _get_args
  File "/opt/spark/python/lib/py4j-0.10.9-src.zip/py4j/java_collections.py", line 510, in convert
  File "/opt/spark/python/pyspark/sql/column.py", line 460, in __iter__
    raise TypeError("Column is not iterable")
TypeError: Column is not iterable
>>> con_cat = bat.select("batsman",runs.runs)
Traceback (most recent call last):
  File "<stdin>", line 1, in <module>
  File "/opt/spark/python/pyspark/sql/dataframe.py", line 1669, in select
    jdf = self._jdf.select(self._jcols(*cols))
  File "/opt/spark/python/lib/py4j-0.10.9-src.zip/py4j/java_gateway.py", line 1304, in __call__
  File "/opt/spark/python/pyspark/sql/utils.py", line 117, in deco
    raise converted from None
pyspark.sql.utils.AnalysisException: Resolved attribute(s) runs#65L missing from batsman#43 in operator !Project [batsman#43, runs#65L].;
!Project [batsman#43, runs#65L]
+- Project [batsman#43]
   +- Generate explode(batter#20), false, [batsman#43]
      +- Project [col#17.batter AS batter#20, col#17.bowler AS bowler#21, col#17.runs.batter AS runs#19]
         +- Project [col#17]
            +- Generate explode(col#14.deliveries), false, [col#17]
               +- Project [col#14]
                  +- Generate explode(innings#7.overs), false, [col#14]
                     +- Project [innings#7]
                        +- Relation[info#6,innings#7,meta#8] json

>>> con_cat = bat.select(runs.runs)
Traceback (most recent call last):
  File "<stdin>", line 1, in <module>
  File "/opt/spark/python/pyspark/sql/dataframe.py", line 1669, in select
    jdf = self._jdf.select(self._jcols(*cols))
  File "/opt/spark/python/lib/py4j-0.10.9-src.zip/py4j/java_gateway.py", line 1304, in __call__
  File "/opt/spark/python/pyspark/sql/utils.py", line 117, in deco
    raise converted from None
pyspark.sql.utils.AnalysisException: Resolved attribute(s) runs#65L missing from batsman#43 in operator !Project [runs#65L].;
!Project [runs#65L]
+- Project [batsman#43]
   +- Generate explode(batter#20), false, [batsman#43]
      +- Project [col#17.batter AS batter#20, col#17.bowler AS bowler#21, col#17.runs.batter AS runs#19]
         +- Project [col#17]
            +- Generate explode(col#14.deliveries), false, [col#17]
               +- Project [col#14]
                  +- Generate explode(innings#7.overs), false, [col#14]
                     +- Project [innings#7]
                        +- Relation[info#6,innings#7,meta#8] json

>>> con_cat = bat.select(col(runs.runs))
Traceback (most recent call last):
  File "<stdin>", line 1, in <module>
  File "/opt/spark/python/pyspark/sql/functions.py", line 106, in col
    return _invoke_function("col", col)
  File "/opt/spark/python/pyspark/sql/functions.py", line 58, in _invoke_function
    return Column(jf(*args))
  File "/opt/spark/python/lib/py4j-0.10.9-src.zip/py4j/java_gateway.py", line 1296, in __call__
  File "/opt/spark/python/lib/py4j-0.10.9-src.zip/py4j/java_gateway.py", line 1260, in _build_args
  File "/opt/spark/python/lib/py4j-0.10.9-src.zip/py4j/java_gateway.py", line 1247, in _get_args
  File "/opt/spark/python/lib/py4j-0.10.9-src.zip/py4j/java_collections.py", line 510, in convert
  File "/opt/spark/python/pyspark/sql/column.py", line 460, in __iter__
    raise TypeError("Column is not iterable")
TypeError: Column is not iterable
>>> 
>>> 
>>> 
>>> 
>>> 
>>> 
>>> 
>>> 
>>> 
>>> 
>>> 
>>> 
>>> 
>>> 
>>> 
>>> 
>>> 
>>> 
>>> 
>>> 
>>> 
>>> 
>>> 
>>> 
>>> 
>>> 
>>> runs_total=runs.select("runs",(bat.select("batsman"))
... "
  File "<stdin>", line 2
    "
    ^
SyntaxError: EOL while scanning string literal
>>> runs_total=runs.select("runs",(bat.select("batsman")))
Traceback (most recent call last):
  File "<stdin>", line 1, in <module>
  File "/opt/spark/python/pyspark/sql/dataframe.py", line 1669, in select
    jdf = self._jdf.select(self._jcols(*cols))
  File "/opt/spark/python/pyspark/sql/dataframe.py", line 1425, in _jcols
    return self._jseq(cols, _to_java_column)
  File "/opt/spark/python/pyspark/sql/dataframe.py", line 1412, in _jseq
    return _to_seq(self.sql_ctx._sc, cols, converter)
  File "/opt/spark/python/pyspark/sql/column.py", line 61, in _to_seq
    cols = [converter(c) for c in cols]
  File "/opt/spark/python/pyspark/sql/column.py", line 61, in <listcomp>
    cols = [converter(c) for c in cols]
  File "/opt/spark/python/pyspark/sql/column.py", line 45, in _to_java_column
    raise TypeError(
TypeError: Invalid argument, not a string or column: DataFrame[batsman: string] of type <class 'pyspark.sql.dataframe.DataFrame'>. For column literals, use 'lit', 'array', 'struct' or 'create_map' function.
>>> 
>>> runs_total=runs.select("runs","(bat.select("batsman"))")
  File "<stdin>", line 1
    runs_total=runs.select("runs","(bat.select("batsman"))")
                                                ^
SyntaxError: invalid syntax
>>> runs_total=runs.select("runs",bat.batsman))
  File "<stdin>", line 1
    runs_total=runs.select("runs",bat.batsman))
                                              ^
SyntaxError: unmatched ')'
>>> runs_total=runs.select("runs",bat.batsman)
Traceback (most recent call last):
  File "<stdin>", line 1, in <module>
  File "/opt/spark/python/pyspark/sql/dataframe.py", line 1669, in select
    jdf = self._jdf.select(self._jcols(*cols))
  File "/opt/spark/python/lib/py4j-0.10.9-src.zip/py4j/java_gateway.py", line 1304, in __call__
  File "/opt/spark/python/pyspark/sql/utils.py", line 117, in deco
    raise converted from None
pyspark.sql.utils.AnalysisException: Resolved attribute(s) batsman#43 missing from runs#65L in operator !Project [runs#65L, batsman#43].;
!Project [runs#65L, batsman#43]
+- Project [runs#65L]
   +- Generate explode(runs#19), false, [runs#65L]
      +- Project [col#17.batter AS batter#20, col#17.bowler AS bowler#21, col#17.runs.batter AS runs#19]
         +- Project [col#17]
            +- Generate explode(col#14.deliveries), false, [col#17]
               +- Project [col#14]
                  +- Generate explode(innings#7.overs), false, [col#14]
                     +- Project [innings#7]
                        +- Relation[info#6,innings#7,meta#8] json

>>> runs_total=runs.select("runs","bat.batsman")
Traceback (most recent call last):
  File "<stdin>", line 1, in <module>
  File "/opt/spark/python/pyspark/sql/dataframe.py", line 1669, in select
    jdf = self._jdf.select(self._jcols(*cols))
  File "/opt/spark/python/lib/py4j-0.10.9-src.zip/py4j/java_gateway.py", line 1304, in __call__
  File "/opt/spark/python/pyspark/sql/utils.py", line 117, in deco
    raise converted from None
pyspark.sql.utils.AnalysisException: cannot resolve '`bat.batsman`' given input columns: [runs];
'Project [runs#65L, 'bat.batsman]
+- Project [runs#65L]
   +- Generate explode(runs#19), false, [runs#65L]
      +- Project [col#17.batter AS batter#20, col#17.bowler AS bowler#21, col#17.runs.batter AS runs#19]
         +- Project [col#17]
            +- Generate explode(col#14.deliveries), false, [col#17]
               +- Project [col#14]
                  +- Generate explode(innings#7.overs), false, [col#14]
                     +- Project [innings#7]
                        +- Relation[info#6,innings#7,meta#8] json

>>> runs_total=runs.select(runs.runs)
>>> runs_total=runs.select(runs.runs,bat.batsman)
Traceback (most recent call last):
  File "<stdin>", line 1, in <module>
  File "/opt/spark/python/pyspark/sql/dataframe.py", line 1669, in select
    jdf = self._jdf.select(self._jcols(*cols))
  File "/opt/spark/python/lib/py4j-0.10.9-src.zip/py4j/java_gateway.py", line 1304, in __call__
  File "/opt/spark/python/pyspark/sql/utils.py", line 117, in deco
    raise converted from None
pyspark.sql.utils.AnalysisException: Resolved attribute(s) batsman#43 missing from runs#65L in operator !Project [runs#65L, batsman#43].;
!Project [runs#65L, batsman#43]
+- Project [runs#65L]
   +- Generate explode(runs#19), false, [runs#65L]
      +- Project [col#17.batter AS batter#20, col#17.bowler AS bowler#21, col#17.runs.batter AS runs#19]
         +- Project [col#17]
            +- Generate explode(col#14.deliveries), false, [col#17]
               +- Project [col#14]
                  +- Generate explode(innings#7.overs), false, [col#14]
                     +- Project [innings#7]
                        +- Relation[info#6,innings#7,meta#8] json

>>> bowlers_join = dataSet.select(explode("bowler").alias("bowler"),"batsman","runs")
Traceback (most recent call last):
  File "<stdin>", line 1, in <module>
  File "/opt/spark/python/pyspark/sql/dataframe.py", line 1669, in select
    jdf = self._jdf.select(self._jcols(*cols))
  File "/opt/spark/python/lib/py4j-0.10.9-src.zip/py4j/java_gateway.py", line 1304, in __call__
  File "/opt/spark/python/pyspark/sql/utils.py", line 117, in deco
    raise converted from None
pyspark.sql.utils.AnalysisException: cannot resolve '`batsman`' given input columns: [batter, bowler, bowler, runs];
'Project [bowler#502, 'batsman, runs#19]
+- Generate explode(bowler#21), false, [bowler#502]
   +- Project [col#17.batter AS batter#20, col#17.bowler AS bowler#21, col#17.runs.batter AS runs#19]
      +- Project [col#17]
         +- Generate explode(col#14.deliveries), false, [col#17]
            +- Project [col#14]
               +- Generate explode(innings#7.overs), false, [col#14]
                  +- Project [innings#7]
                     +- Relation[info#6,innings#7,meta#8] json

>>> bowlers_join = dataSet.select(explode("bowler").alias("bowler"),"batter","runs")
>>> bowlers_join
DataFrame[bowler: string, batter: array<string>, runs: array<bigint>]
>>> bowlers_join.show()
+---------+--------------------+--------------------+
|   bowler|              batter|                runs|
+---------+--------------------+--------------------+
|  P Kumar|[SC Ganguly, BB M...|[0, 0, 0, 0, 0, 0...|
|  P Kumar|[SC Ganguly, BB M...|[0, 0, 0, 0, 0, 0...|
|  P Kumar|[SC Ganguly, BB M...|[0, 0, 0, 0, 0, 0...|
|  P Kumar|[SC Ganguly, BB M...|[0, 0, 0, 0, 0, 0...|
|  P Kumar|[SC Ganguly, BB M...|[0, 0, 0, 0, 0, 0...|
|  P Kumar|[SC Ganguly, BB M...|[0, 0, 0, 0, 0, 0...|
|  P Kumar|[SC Ganguly, BB M...|[0, 0, 0, 0, 0, 0...|
|   Z Khan|[BB McCullum, BB ...|  [0, 4, 4, 6, 4, 0]|
|   Z Khan|[BB McCullum, BB ...|  [0, 4, 4, 6, 4, 0]|
|   Z Khan|[BB McCullum, BB ...|  [0, 4, 4, 6, 4, 0]|
|   Z Khan|[BB McCullum, BB ...|  [0, 4, 4, 6, 4, 0]|
|   Z Khan|[BB McCullum, BB ...|  [0, 4, 4, 6, 4, 0]|
|   Z Khan|[BB McCullum, BB ...|  [0, 4, 4, 6, 4, 0]|
|  P Kumar|[SC Ganguly, SC G...|  [0, 0, 0, 4, 1, 0]|
|  P Kumar|[SC Ganguly, SC G...|  [0, 0, 0, 4, 1, 0]|
|  P Kumar|[SC Ganguly, SC G...|  [0, 0, 0, 4, 1, 0]|
|  P Kumar|[SC Ganguly, SC G...|  [0, 0, 0, 4, 1, 0]|
|  P Kumar|[SC Ganguly, SC G...|  [0, 0, 0, 4, 1, 0]|
|  P Kumar|[SC Ganguly, SC G...|  [0, 0, 0, 4, 1, 0]|
|AA Noffke|[BB McCullum, BB ...|[0, 6, 0, 4, 0, 1...|
+---------+--------------------+--------------------+
only showing top 20 rows

>>> bowlers_join = dataSet.select("bowler",explode("batter").alias("batsman"),"runs")
>>> bowlers_join = dataSet.select(explode("bowler").alias("bowler"),"batter","runs")
>>> batsman_join = dataSet.select("bowler",explode("batter").alias("batsman"),"runs")
>>> batsman_join.show()
+--------------------+-----------+--------------------+
|              bowler|    batsman|                runs|
+--------------------+-----------+--------------------+
|[P Kumar, P Kumar...| SC Ganguly|[0, 0, 0, 0, 0, 0...|
|[P Kumar, P Kumar...|BB McCullum|[0, 0, 0, 0, 0, 0...|
|[P Kumar, P Kumar...|BB McCullum|[0, 0, 0, 0, 0, 0...|
|[P Kumar, P Kumar...|BB McCullum|[0, 0, 0, 0, 0, 0...|
|[P Kumar, P Kumar...|BB McCullum|[0, 0, 0, 0, 0, 0...|
|[P Kumar, P Kumar...|BB McCullum|[0, 0, 0, 0, 0, 0...|
|[P Kumar, P Kumar...|BB McCullum|[0, 0, 0, 0, 0, 0...|
|[Z Khan, Z Khan, ...|BB McCullum|  [0, 4, 4, 6, 4, 0]|
|[Z Khan, Z Khan, ...|BB McCullum|  [0, 4, 4, 6, 4, 0]|
|[Z Khan, Z Khan, ...|BB McCullum|  [0, 4, 4, 6, 4, 0]|
|[Z Khan, Z Khan, ...|BB McCullum|  [0, 4, 4, 6, 4, 0]|
|[Z Khan, Z Khan, ...|BB McCullum|  [0, 4, 4, 6, 4, 0]|
|[Z Khan, Z Khan, ...|BB McCullum|  [0, 4, 4, 6, 4, 0]|
|[P Kumar, P Kumar...| SC Ganguly|  [0, 0, 0, 4, 1, 0]|
|[P Kumar, P Kumar...| SC Ganguly|  [0, 0, 0, 4, 1, 0]|
|[P Kumar, P Kumar...| SC Ganguly|  [0, 0, 0, 4, 1, 0]|
|[P Kumar, P Kumar...|BB McCullum|  [0, 0, 0, 4, 1, 0]|
|[P Kumar, P Kumar...|BB McCullum|  [0, 0, 0, 4, 1, 0]|
|[P Kumar, P Kumar...| SC Ganguly|  [0, 0, 0, 4, 1, 0]|
|[AA Noffke, AA No...|BB McCullum|[0, 6, 0, 4, 0, 1...|
+--------------------+-----------+--------------------+
only showing top 20 rows

>>> bat.show()

+-----------+
|    batsman|
+-----------+
| SC Ganguly|
|BB McCullum|
|BB McCullum|
|BB McCullum|
|BB McCullum|
|BB McCullum|
|BB McCullum|
|BB McCullum|
|BB McCullum|
|BB McCullum|
|BB McCullum|
|BB McCullum|
|BB McCullum|
| SC Ganguly|
| SC Ganguly|
| SC Ganguly|
|BB McCullum|
|BB McCullum|
| SC Ganguly|
|BB McCullum|
+-----------+
only showing top 20 rows

>>> 
>>> ruuns.show()
Traceback (most recent call last):
  File "<stdin>", line 1, in <module>
NameError: name 'ruuns' is not defined
>>> runs.show()
+----+
|runs|
+----+
|   0|
|   0|
|   0|
|   0|
|   0|
|   0|
|   0|
|   0|
|   4|
|   4|
|   6|
|   4|
|   0|
|   0|
|   0|
|   0|
|   4|
|   1|
|   0|
|   0|
+----+
only showing top 20 rows

>>> bowler.show()
Traceback (most recent call last):
  File "<stdin>", line 1, in <module>
NameError: name 'bowler' is not defined
>>> bowlers.show()
+---------+
|   bowler|
+---------+
|  P Kumar|
|  P Kumar|
|  P Kumar|
|  P Kumar|
|  P Kumar|
|  P Kumar|
|  P Kumar|
|   Z Khan|
|   Z Khan|
|   Z Khan|
|   Z Khan|
|   Z Khan|
|   Z Khan|
|  P Kumar|
|  P Kumar|
|  P Kumar|
|  P Kumar|
|  P Kumar|
|  P Kumar|
|AA Noffke|
+---------+
only showing top 20 rows

>>> join_var = bat.join(bowlers).join(runs)
>>> join_var.show()
+----------+-------+----+
|   batsman| bowler|runs|
+----------+-------+----+
|SC Ganguly|P Kumar|   0|
|SC Ganguly|P Kumar|   0|
|SC Ganguly|P Kumar|   0|
|SC Ganguly|P Kumar|   0|
|SC Ganguly|P Kumar|   0|
|SC Ganguly|P Kumar|   0|
|SC Ganguly|P Kumar|   0|
|SC Ganguly|P Kumar|   0|
|SC Ganguly|P Kumar|   4|
|SC Ganguly|P Kumar|   4|
|SC Ganguly|P Kumar|   6|
|SC Ganguly|P Kumar|   4|
|SC Ganguly|P Kumar|   0|
|SC Ganguly|P Kumar|   0|
|SC Ganguly|P Kumar|   0|
|SC Ganguly|P Kumar|   0|
|SC Ganguly|P Kumar|   4|
|SC Ganguly|P Kumar|   1|
|SC Ganguly|P Kumar|   0|
|SC Ganguly|P Kumar|   0|
+----------+-------+----+
only showing top 20 rows

>>> join_var.show(400,False)
+----------+-------+----+
|batsman   |bowler |runs|
+----------+-------+----+
|SC Ganguly|P Kumar|0   |
|SC Ganguly|P Kumar|0   |
|SC Ganguly|P Kumar|0   |
|SC Ganguly|P Kumar|0   |
|SC Ganguly|P Kumar|0   |
|SC Ganguly|P Kumar|0   |
|SC Ganguly|P Kumar|0   |
|SC Ganguly|P Kumar|0   |
|SC Ganguly|P Kumar|4   |
|SC Ganguly|P Kumar|4   |
|SC Ganguly|P Kumar|6   |
|SC Ganguly|P Kumar|4   |
|SC Ganguly|P Kumar|0   |
|SC Ganguly|P Kumar|0   |
|SC Ganguly|P Kumar|0   |
|SC Ganguly|P Kumar|0   |
|SC Ganguly|P Kumar|4   |
|SC Ganguly|P Kumar|1   |
|SC Ganguly|P Kumar|0   |
|SC Ganguly|P Kumar|0   |
|SC Ganguly|P Kumar|6   |
|SC Ganguly|P Kumar|0   |
|SC Ganguly|P Kumar|4   |
|SC Ganguly|P Kumar|0   |
|SC Ganguly|P Kumar|1   |
|SC Ganguly|P Kumar|6   |
|SC Ganguly|P Kumar|4   |
|SC Ganguly|P Kumar|1   |
|SC Ganguly|P Kumar|4   |
|SC Ganguly|P Kumar|0   |
|SC Ganguly|P Kumar|1   |
|SC Ganguly|P Kumar|0   |
|SC Ganguly|P Kumar|1   |
|SC Ganguly|P Kumar|0   |
|SC Ganguly|P Kumar|0   |
|SC Ganguly|P Kumar|0   |
|SC Ganguly|P Kumar|0   |
|SC Ganguly|P Kumar|0   |
|SC Ganguly|P Kumar|1   |
|SC Ganguly|P Kumar|1   |
|SC Ganguly|P Kumar|1   |
|SC Ganguly|P Kumar|2   |
|SC Ganguly|P Kumar|1   |
|SC Ganguly|P Kumar|1   |
|SC Ganguly|P Kumar|0   |
|SC Ganguly|P Kumar|1   |
|SC Ganguly|P Kumar|1   |
|SC Ganguly|P Kumar|1   |
|SC Ganguly|P Kumar|1   |
|SC Ganguly|P Kumar|1   |
|SC Ganguly|P Kumar|0   |
|SC Ganguly|P Kumar|0   |
|SC Ganguly|P Kumar|0   |
|SC Ganguly|P Kumar|1   |
|SC Ganguly|P Kumar|1   |
|SC Ganguly|P Kumar|2   |
|SC Ganguly|P Kumar|1   |
|SC Ganguly|P Kumar|1   |
|SC Ganguly|P Kumar|1   |
|SC Ganguly|P Kumar|0   |
|SC Ganguly|P Kumar|6   |
|SC Ganguly|P Kumar|1   |
|SC Ganguly|P Kumar|1   |
|SC Ganguly|P Kumar|4   |
|SC Ganguly|P Kumar|0   |
|SC Ganguly|P Kumar|6   |
|SC Ganguly|P Kumar|0   |
|SC Ganguly|P Kumar|0   |
|SC Ganguly|P Kumar|0   |
|SC Ganguly|P Kumar|6   |
|SC Ganguly|P Kumar|2   |
|SC Ganguly|P Kumar|1   |
|SC Ganguly|P Kumar|0   |
|SC Ganguly|P Kumar|1   |
|SC Ganguly|P Kumar|0   |
|SC Ganguly|P Kumar|4   |
|SC Ganguly|P Kumar|0   |
|SC Ganguly|P Kumar|2   |
|SC Ganguly|P Kumar|0   |
|SC Ganguly|P Kumar|4   |
|SC Ganguly|P Kumar|1   |
|SC Ganguly|P Kumar|1   |
|SC Ganguly|P Kumar|0   |
|SC Ganguly|P Kumar|1   |
|SC Ganguly|P Kumar|1   |
|SC Ganguly|P Kumar|1   |
|SC Ganguly|P Kumar|2   |
|SC Ganguly|P Kumar|4   |
|SC Ganguly|P Kumar|1   |
|SC Ganguly|P Kumar|6   |
|SC Ganguly|P Kumar|4   |
|SC Ganguly|P Kumar|0   |
|SC Ganguly|P Kumar|1   |
|SC Ganguly|P Kumar|6   |
|SC Ganguly|P Kumar|0   |
|SC Ganguly|P Kumar|1   |
|SC Ganguly|P Kumar|2   |
|SC Ganguly|P Kumar|0   |
|SC Ganguly|P Kumar|1   |
|SC Ganguly|P Kumar|0   |
|SC Ganguly|P Kumar|1   |
|SC Ganguly|P Kumar|2   |
|SC Ganguly|P Kumar|1   |
|SC Ganguly|P Kumar|6   |
|SC Ganguly|P Kumar|2   |
|SC Ganguly|P Kumar|2   |
|SC Ganguly|P Kumar|0   |
|SC Ganguly|P Kumar|1   |
|SC Ganguly|P Kumar|0   |
|SC Ganguly|P Kumar|1   |
|SC Ganguly|P Kumar|4   |
|SC Ganguly|P Kumar|1   |
|SC Ganguly|P Kumar|6   |
|SC Ganguly|P Kumar|0   |
|SC Ganguly|P Kumar|6   |
|SC Ganguly|P Kumar|4   |
|SC Ganguly|P Kumar|1   |
|SC Ganguly|P Kumar|4   |
|SC Ganguly|P Kumar|6   |
|SC Ganguly|P Kumar|6   |
|SC Ganguly|P Kumar|2   |
|SC Ganguly|P Kumar|0   |
|SC Ganguly|P Kumar|2   |
|SC Ganguly|P Kumar|6   |
|SC Ganguly|P Kumar|1   |
|SC Ganguly|P Kumar|0   |
|SC Ganguly|P Kumar|0   |
|SC Ganguly|P Kumar|1   |
|SC Ganguly|P Kumar|1   |
|SC Ganguly|P Kumar|0   |
|SC Ganguly|P Kumar|0   |
|SC Ganguly|P Kumar|0   |
|SC Ganguly|P Kumar|0   |
|SC Ganguly|P Kumar|0   |
|SC Ganguly|P Kumar|1   |
|SC Ganguly|P Kumar|0   |
|SC Ganguly|P Kumar|0   |
|SC Ganguly|P Kumar|0   |
|SC Ganguly|P Kumar|0   |
|SC Ganguly|P Kumar|1   |
|SC Ganguly|P Kumar|0   |
|SC Ganguly|P Kumar|0   |
|SC Ganguly|P Kumar|0   |
|SC Ganguly|P Kumar|1   |
|SC Ganguly|P Kumar|2   |
|SC Ganguly|P Kumar|1   |
|SC Ganguly|P Kumar|0   |
|SC Ganguly|P Kumar|0   |
|SC Ganguly|P Kumar|0   |
|SC Ganguly|P Kumar|0   |
|SC Ganguly|P Kumar|1   |
|SC Ganguly|P Kumar|1   |
|SC Ganguly|P Kumar|0   |
|SC Ganguly|P Kumar|6   |
|SC Ganguly|P Kumar|0   |
|SC Ganguly|P Kumar|0   |
|SC Ganguly|P Kumar|0   |
|SC Ganguly|P Kumar|0   |
|SC Ganguly|P Kumar|0   |
|SC Ganguly|P Kumar|1   |
|SC Ganguly|P Kumar|1   |
|SC Ganguly|P Kumar|0   |
|SC Ganguly|P Kumar|0   |
|SC Ganguly|P Kumar|0   |
|SC Ganguly|P Kumar|1   |
|SC Ganguly|P Kumar|0   |
|SC Ganguly|P Kumar|0   |
|SC Ganguly|P Kumar|0   |
|SC Ganguly|P Kumar|0   |
|SC Ganguly|P Kumar|4   |
|SC Ganguly|P Kumar|1   |
|SC Ganguly|P Kumar|0   |
|SC Ganguly|P Kumar|1   |
|SC Ganguly|P Kumar|2   |
|SC Ganguly|P Kumar|0   |
|SC Ganguly|P Kumar|0   |
|SC Ganguly|P Kumar|0   |
|SC Ganguly|P Kumar|0   |
|SC Ganguly|P Kumar|0   |
|SC Ganguly|P Kumar|0   |
|SC Ganguly|P Kumar|0   |
|SC Ganguly|P Kumar|1   |
|SC Ganguly|P Kumar|2   |
|SC Ganguly|P Kumar|0   |
|SC Ganguly|P Kumar|1   |
|SC Ganguly|P Kumar|0   |
|SC Ganguly|P Kumar|0   |
|SC Ganguly|P Kumar|0   |
|SC Ganguly|P Kumar|0   |
|SC Ganguly|P Kumar|4   |
|SC Ganguly|P Kumar|1   |
|SC Ganguly|P Kumar|0   |
|SC Ganguly|P Kumar|0   |
|SC Ganguly|P Kumar|0   |
|SC Ganguly|P Kumar|1   |
|SC Ganguly|P Kumar|4   |
|SC Ganguly|P Kumar|0   |
|SC Ganguly|P Kumar|1   |
|SC Ganguly|P Kumar|0   |
|SC Ganguly|P Kumar|0   |
|SC Ganguly|P Kumar|1   |
|SC Ganguly|P Kumar|0   |
|SC Ganguly|P Kumar|1   |
|SC Ganguly|P Kumar|6   |
|SC Ganguly|P Kumar|0   |
|SC Ganguly|P Kumar|1   |
|SC Ganguly|P Kumar|1   |
|SC Ganguly|P Kumar|0   |
|SC Ganguly|P Kumar|0   |
|SC Ganguly|P Kumar|1   |
|SC Ganguly|P Kumar|0   |
|SC Ganguly|P Kumar|1   |
|SC Ganguly|P Kumar|0   |
|SC Ganguly|P Kumar|0   |
|SC Ganguly|P Kumar|0   |
|SC Ganguly|P Kumar|6   |
|SC Ganguly|P Kumar|0   |
|SC Ganguly|P Kumar|0   |
|SC Ganguly|P Kumar|0   |
|SC Ganguly|P Kumar|1   |
|SC Ganguly|P Kumar|0   |
|SC Ganguly|P Kumar|1   |
|SC Ganguly|P Kumar|0   |
|SC Ganguly|P Kumar|0   |
|SC Ganguly|P Kumar|0   |
|SC Ganguly|P Kumar|0   |
|SC Ganguly|P Kumar|0   |
|SC Ganguly|P Kumar|0   |
|SC Ganguly|P Kumar|0   |
|SC Ganguly|P Kumar|0   |
|SC Ganguly|P Kumar|0   |
|SC Ganguly|P Kumar|0   |
|SC Ganguly|P Kumar|0   |
|SC Ganguly|P Kumar|4   |
|SC Ganguly|P Kumar|4   |
|SC Ganguly|P Kumar|6   |
|SC Ganguly|P Kumar|4   |
|SC Ganguly|P Kumar|0   |
|SC Ganguly|P Kumar|0   |
|SC Ganguly|P Kumar|0   |
|SC Ganguly|P Kumar|0   |
|SC Ganguly|P Kumar|4   |
|SC Ganguly|P Kumar|1   |
|SC Ganguly|P Kumar|0   |
|SC Ganguly|P Kumar|0   |
|SC Ganguly|P Kumar|6   |
|SC Ganguly|P Kumar|0   |
|SC Ganguly|P Kumar|4   |
|SC Ganguly|P Kumar|0   |
|SC Ganguly|P Kumar|1   |
|SC Ganguly|P Kumar|6   |
|SC Ganguly|P Kumar|4   |
|SC Ganguly|P Kumar|1   |
|SC Ganguly|P Kumar|4   |
|SC Ganguly|P Kumar|0   |
|SC Ganguly|P Kumar|1   |
|SC Ganguly|P Kumar|0   |
|SC Ganguly|P Kumar|1   |
|SC Ganguly|P Kumar|0   |
|SC Ganguly|P Kumar|0   |
|SC Ganguly|P Kumar|0   |
|SC Ganguly|P Kumar|0   |
|SC Ganguly|P Kumar|0   |
|SC Ganguly|P Kumar|1   |
|SC Ganguly|P Kumar|1   |
|SC Ganguly|P Kumar|1   |
|SC Ganguly|P Kumar|2   |
|SC Ganguly|P Kumar|1   |
|SC Ganguly|P Kumar|1   |
|SC Ganguly|P Kumar|0   |
|SC Ganguly|P Kumar|1   |
|SC Ganguly|P Kumar|1   |
|SC Ganguly|P Kumar|1   |
|SC Ganguly|P Kumar|1   |
|SC Ganguly|P Kumar|1   |
|SC Ganguly|P Kumar|0   |
|SC Ganguly|P Kumar|0   |
|SC Ganguly|P Kumar|0   |
|SC Ganguly|P Kumar|1   |
|SC Ganguly|P Kumar|1   |
|SC Ganguly|P Kumar|2   |
|SC Ganguly|P Kumar|1   |
|SC Ganguly|P Kumar|1   |
|SC Ganguly|P Kumar|1   |
|SC Ganguly|P Kumar|0   |
|SC Ganguly|P Kumar|6   |
|SC Ganguly|P Kumar|1   |
|SC Ganguly|P Kumar|1   |
|SC Ganguly|P Kumar|4   |
|SC Ganguly|P Kumar|0   |
|SC Ganguly|P Kumar|6   |
|SC Ganguly|P Kumar|0   |
|SC Ganguly|P Kumar|0   |
|SC Ganguly|P Kumar|0   |
|SC Ganguly|P Kumar|6   |
|SC Ganguly|P Kumar|2   |
|SC Ganguly|P Kumar|1   |
|SC Ganguly|P Kumar|0   |
|SC Ganguly|P Kumar|1   |
|SC Ganguly|P Kumar|0   |
|SC Ganguly|P Kumar|4   |
|SC Ganguly|P Kumar|0   |
|SC Ganguly|P Kumar|2   |
|SC Ganguly|P Kumar|0   |
|SC Ganguly|P Kumar|4   |
|SC Ganguly|P Kumar|1   |
|SC Ganguly|P Kumar|1   |
|SC Ganguly|P Kumar|0   |
|SC Ganguly|P Kumar|1   |
|SC Ganguly|P Kumar|1   |
|SC Ganguly|P Kumar|1   |
|SC Ganguly|P Kumar|2   |
|SC Ganguly|P Kumar|4   |
|SC Ganguly|P Kumar|1   |
|SC Ganguly|P Kumar|6   |
|SC Ganguly|P Kumar|4   |
|SC Ganguly|P Kumar|0   |
|SC Ganguly|P Kumar|1   |
|SC Ganguly|P Kumar|6   |
|SC Ganguly|P Kumar|0   |
|SC Ganguly|P Kumar|1   |
|SC Ganguly|P Kumar|2   |
|SC Ganguly|P Kumar|0   |
|SC Ganguly|P Kumar|1   |
|SC Ganguly|P Kumar|0   |
|SC Ganguly|P Kumar|1   |
|SC Ganguly|P Kumar|2   |
|SC Ganguly|P Kumar|1   |
|SC Ganguly|P Kumar|6   |
|SC Ganguly|P Kumar|2   |
|SC Ganguly|P Kumar|2   |
|SC Ganguly|P Kumar|0   |
|SC Ganguly|P Kumar|1   |
|SC Ganguly|P Kumar|0   |
|SC Ganguly|P Kumar|1   |
|SC Ganguly|P Kumar|4   |
|SC Ganguly|P Kumar|1   |
|SC Ganguly|P Kumar|6   |
|SC Ganguly|P Kumar|0   |
|SC Ganguly|P Kumar|6   |
|SC Ganguly|P Kumar|4   |
|SC Ganguly|P Kumar|1   |
|SC Ganguly|P Kumar|4   |
|SC Ganguly|P Kumar|6   |
|SC Ganguly|P Kumar|6   |
|SC Ganguly|P Kumar|2   |
|SC Ganguly|P Kumar|0   |
|SC Ganguly|P Kumar|2   |
|SC Ganguly|P Kumar|6   |
|SC Ganguly|P Kumar|1   |
|SC Ganguly|P Kumar|0   |
|SC Ganguly|P Kumar|0   |
|SC Ganguly|P Kumar|1   |
|SC Ganguly|P Kumar|1   |
|SC Ganguly|P Kumar|0   |
|SC Ganguly|P Kumar|0   |
|SC Ganguly|P Kumar|0   |
|SC Ganguly|P Kumar|0   |
|SC Ganguly|P Kumar|0   |
|SC Ganguly|P Kumar|1   |
|SC Ganguly|P Kumar|0   |
|SC Ganguly|P Kumar|0   |
|SC Ganguly|P Kumar|0   |
|SC Ganguly|P Kumar|0   |
|SC Ganguly|P Kumar|1   |
|SC Ganguly|P Kumar|0   |
|SC Ganguly|P Kumar|0   |
|SC Ganguly|P Kumar|0   |
|SC Ganguly|P Kumar|1   |
|SC Ganguly|P Kumar|2   |
|SC Ganguly|P Kumar|1   |
|SC Ganguly|P Kumar|0   |
|SC Ganguly|P Kumar|0   |
|SC Ganguly|P Kumar|0   |
|SC Ganguly|P Kumar|0   |
|SC Ganguly|P Kumar|1   |
|SC Ganguly|P Kumar|1   |
|SC Ganguly|P Kumar|0   |
|SC Ganguly|P Kumar|6   |
|SC Ganguly|P Kumar|0   |
|SC Ganguly|P Kumar|0   |
|SC Ganguly|P Kumar|0   |
|SC Ganguly|P Kumar|0   |
|SC Ganguly|P Kumar|0   |
|SC Ganguly|P Kumar|1   |
|SC Ganguly|P Kumar|1   |
|SC Ganguly|P Kumar|0   |
|SC Ganguly|P Kumar|0   |
|SC Ganguly|P Kumar|0   |
|SC Ganguly|P Kumar|1   |
|SC Ganguly|P Kumar|0   |
|SC Ganguly|P Kumar|0   |
|SC Ganguly|P Kumar|0   |
|SC Ganguly|P Kumar|0   |
|SC Ganguly|P Kumar|4   |
|SC Ganguly|P Kumar|1   |
|SC Ganguly|P Kumar|0   |
|SC Ganguly|P Kumar|1   |
|SC Ganguly|P Kumar|2   |
|SC Ganguly|P Kumar|0   |
+----------+-------+----+
only showing top 400 rows

>>> 
>>> bowlers_join.summary().show()
+-------+---------+
|summary|   bowler|
+-------+---------+
|  count|      225|
|   mean|     null|
| stddev|     null|
|    min|AA Noffke|
|    25%|     null|
|    50%|     null|
|    75%|     null|
|    max|   Z Khan|
+-------+---------+

>>> batsmans_join.summary().show()
Traceback (most recent call last):
  File "<stdin>", line 1, in <module>
NameError: name 'batsmans_join' is not defined
>>> batsman_join.summary().show()
+-------+---------+
|summary|  batsman|
+-------+---------+
|  count|      225|
|   mean|     null|
| stddev|     null|
|    min|AA Noffke|
|    25%|     null|
|    50%|     null|
|    75%|     null|
|    max|   Z Khan|
+-------+---------+

>>> empDF.join(deptDF,empDF.emp_dept_id ==  deptDF.dept_id,"inner")
Traceback (most recent call last):
  File "<stdin>", line 1, in <module>
NameError: name 'empDF' is not defined
>>> join_var =  batsman_join.join(batsman_join,batsman_join.runs == bowlers_join.runs,"inner")
>>> join_var.show()
+--------------------+-----------+--------------------+--------------------+-----------+--------------------+
|              bowler|    batsman|                runs|              bowler|    batsman|                runs|
+--------------------+-----------+--------------------+--------------------+-----------+--------------------+
|[P Kumar, P Kumar...| SC Ganguly|[0, 0, 0, 0, 0, 0...|[P Kumar, P Kumar...|BB McCullum|[0, 0, 0, 0, 0, 0...|
|[P Kumar, P Kumar...| SC Ganguly|[0, 0, 0, 0, 0, 0...|[P Kumar, P Kumar...|BB McCullum|[0, 0, 0, 0, 0, 0...|
|[P Kumar, P Kumar...| SC Ganguly|[0, 0, 0, 0, 0, 0...|[P Kumar, P Kumar...|BB McCullum|[0, 0, 0, 0, 0, 0...|
|[P Kumar, P Kumar...| SC Ganguly|[0, 0, 0, 0, 0, 0...|[P Kumar, P Kumar...|BB McCullum|[0, 0, 0, 0, 0, 0...|
|[P Kumar, P Kumar...| SC Ganguly|[0, 0, 0, 0, 0, 0...|[P Kumar, P Kumar...|BB McCullum|[0, 0, 0, 0, 0, 0...|
|[P Kumar, P Kumar...| SC Ganguly|[0, 0, 0, 0, 0, 0...|[P Kumar, P Kumar...|BB McCullum|[0, 0, 0, 0, 0, 0...|
|[P Kumar, P Kumar...| SC Ganguly|[0, 0, 0, 0, 0, 0...|[P Kumar, P Kumar...| SC Ganguly|[0, 0, 0, 0, 0, 0...|
|[P Kumar, P Kumar...|BB McCullum|[0, 0, 0, 0, 0, 0...|[P Kumar, P Kumar...|BB McCullum|[0, 0, 0, 0, 0, 0...|
|[P Kumar, P Kumar...|BB McCullum|[0, 0, 0, 0, 0, 0...|[P Kumar, P Kumar...|BB McCullum|[0, 0, 0, 0, 0, 0...|
|[P Kumar, P Kumar...|BB McCullum|[0, 0, 0, 0, 0, 0...|[P Kumar, P Kumar...|BB McCullum|[0, 0, 0, 0, 0, 0...|
|[P Kumar, P Kumar...|BB McCullum|[0, 0, 0, 0, 0, 0...|[P Kumar, P Kumar...|BB McCullum|[0, 0, 0, 0, 0, 0...|
|[P Kumar, P Kumar...|BB McCullum|[0, 0, 0, 0, 0, 0...|[P Kumar, P Kumar...|BB McCullum|[0, 0, 0, 0, 0, 0...|
|[P Kumar, P Kumar...|BB McCullum|[0, 0, 0, 0, 0, 0...|[P Kumar, P Kumar...|BB McCullum|[0, 0, 0, 0, 0, 0...|
|[P Kumar, P Kumar...|BB McCullum|[0, 0, 0, 0, 0, 0...|[P Kumar, P Kumar...| SC Ganguly|[0, 0, 0, 0, 0, 0...|
|[P Kumar, P Kumar...|BB McCullum|[0, 0, 0, 0, 0, 0...|[P Kumar, P Kumar...|BB McCullum|[0, 0, 0, 0, 0, 0...|
|[P Kumar, P Kumar...|BB McCullum|[0, 0, 0, 0, 0, 0...|[P Kumar, P Kumar...|BB McCullum|[0, 0, 0, 0, 0, 0...|
|[P Kumar, P Kumar...|BB McCullum|[0, 0, 0, 0, 0, 0...|[P Kumar, P Kumar...|BB McCullum|[0, 0, 0, 0, 0, 0...|
|[P Kumar, P Kumar...|BB McCullum|[0, 0, 0, 0, 0, 0...|[P Kumar, P Kumar...|BB McCullum|[0, 0, 0, 0, 0, 0...|
|[P Kumar, P Kumar...|BB McCullum|[0, 0, 0, 0, 0, 0...|[P Kumar, P Kumar...|BB McCullum|[0, 0, 0, 0, 0, 0...|
|[P Kumar, P Kumar...|BB McCullum|[0, 0, 0, 0, 0, 0...|[P Kumar, P Kumar...|BB McCullum|[0, 0, 0, 0, 0, 0...|
+--------------------+-----------+--------------------+--------------------+-----------+--------------------+
only showing top 20 rows

>>> join_var.summary().show()
[Stage 53:>                                                         (0 + 1) / 1                                                                               +-------+---------+---------+
|summary|  batsman|  batsman|
+-------+---------+---------+
|  count|     1437|     1437|
|   mean|     null|     null|
| stddev|     null|     null|
|    min|AA Noffke|AA Noffke|
|    25%|     null|     null|
|    50%|     null|     null|
|    75%|     null|     null|
|    max|   Z Khan|   Z Khan|
+-------+---------+---------+

>>> join_var =  batsman_join.withColumn("newCol",col(bat.runs))
Traceback (most recent call last):
  File "<stdin>", line 1, in <module>
  File "/opt/spark/python/pyspark/sql/dataframe.py", line 1643, in __getattr__
    raise AttributeError(
AttributeError: 'DataFrame' object has no attribute 'runs'
>>> join_var =  batsman_join.withColumn("newCol",col(bat.run))
Traceback (most recent call last):
  File "<stdin>", line 1, in <module>
  File "/opt/spark/python/pyspark/sql/dataframe.py", line 1643, in __getattr__
    raise AttributeError(
AttributeError: 'DataFrame' object has no attribute 'run'
>>> bat.show()
+-----------+
|    batsman|
+-----------+
| SC Ganguly|
|BB McCullum|
|BB McCullum|
|BB McCullum|
|BB McCullum|
|BB McCullum|
|BB McCullum|
|BB McCullum|
|BB McCullum|
|BB McCullum|
|BB McCullum|
|BB McCullum|
|BB McCullum|
| SC Ganguly|
| SC Ganguly|
| SC Ganguly|
|BB McCullum|
|BB McCullum|
| SC Ganguly|
|BB McCullum|
+-----------+
only showing top 20 rows

>>> run.show()
Traceback (most recent call last):
  File "<stdin>", line 1, in <module>
NameError: name 'run' is not defined
>>> runs.show()
+----+
|runs|
+----+
|   0|
|   0|
|   0|
|   0|
|   0|
|   0|
|   0|
|   0|
|   4|
|   4|
|   6|
|   4|
|   0|
|   0|
|   0|
|   0|
|   4|
|   1|
|   0|
|   0|
+----+
only showing top 20 rows

>>> join_var =  batsman_join.withColumn("newCol",col(runs.runs))
Traceback (most recent call last):
  File "<stdin>", line 1, in <module>
  File "/opt/spark/python/pyspark/sql/functions.py", line 106, in col
    return _invoke_function("col", col)
  File "/opt/spark/python/pyspark/sql/functions.py", line 58, in _invoke_function
    return Column(jf(*args))
  File "/opt/spark/python/lib/py4j-0.10.9-src.zip/py4j/java_gateway.py", line 1296, in __call__
  File "/opt/spark/python/lib/py4j-0.10.9-src.zip/py4j/java_gateway.py", line 1260, in _build_args
  File "/opt/spark/python/lib/py4j-0.10.9-src.zip/py4j/java_gateway.py", line 1247, in _get_args
  File "/opt/spark/python/lib/py4j-0.10.9-src.zip/py4j/java_collections.py", line 510, in convert
  File "/opt/spark/python/pyspark/sql/column.py", line 460, in __iter__
    raise TypeError("Column is not iterable")
TypeError: Column is not iterable
>>> join_var =  batsman_join.withColumn("newCol",col(batsman.runs))
Traceback (most recent call last):
  File "<stdin>", line 1, in <module>
NameError: name 'batsman' is not defined
>>> join_var =  batsman_join.withColumn("newCol",col(batsman_join.runs))
Traceback (most recent call last):
  File "<stdin>", line 1, in <module>
  File "/opt/spark/python/pyspark/sql/functions.py", line 106, in col
    return _invoke_function("col", col)
  File "/opt/spark/python/pyspark/sql/functions.py", line 58, in _invoke_function
    return Column(jf(*args))
  File "/opt/spark/python/lib/py4j-0.10.9-src.zip/py4j/java_gateway.py", line 1296, in __call__
  File "/opt/spark/python/lib/py4j-0.10.9-src.zip/py4j/java_gateway.py", line 1260, in _build_args
  File "/opt/spark/python/lib/py4j-0.10.9-src.zip/py4j/java_gateway.py", line 1247, in _get_args
  File "/opt/spark/python/lib/py4j-0.10.9-src.zip/py4j/java_collections.py", line 510, in convert
  File "/opt/spark/python/pyspark/sql/column.py", line 460, in __iter__
    raise TypeError("Column is not iterable")
TypeError: Column is not iterable
>>> 
>>> 
>>> 
>>> 
>>> from pyspark.sql.functions import monotonically_increasing_id, row_number
>>> from pyspark.sql.window import Window
>>> 
>>> minDf = sc.parallelize(bat)
Traceback (most recent call last):
  File "<stdin>", line 1, in <module>
  File "/opt/spark/python/pyspark/context.py", line 566, in parallelize
    jrdd = self._serialize_to_jvm(c, serializer, reader_func, createRDDServer)
  File "/opt/spark/python/pyspark/context.py", line 603, in _serialize_to_jvm
    serializer.dump_stream(data, tempFile)
  File "/opt/spark/python/pyspark/serializers.py", line 211, in dump_stream
    self.serializer.dump_stream(self._batched(iterator), stream)
  File "/opt/spark/python/pyspark/serializers.py", line 133, in dump_stream
    self._write_with_length(obj, stream)
  File "/opt/spark/python/pyspark/serializers.py", line 143, in _write_with_length
    serialized = self.dumps(obj)
  File "/opt/spark/python/pyspark/serializers.py", line 427, in dumps
    return pickle.dumps(obj, pickle_protocol)
TypeError: cannot pickle '_thread.RLock' object
>>> 
>>> 
>>> 
>>> 
>>> 
>>> 
>>> 
>>> 
>>> 
>>> 
>>> 
>>> 
>>> 
>>> 
>>> 
>>> 
>>> 
>>> 
>>> 
>>> 
>>> 
>>> 
>>> 
>>> 
>>> 
>>> 
>>> 
>>> 
>>> 
>>> bat_rdd = bat.rdd()
Traceback (most recent call last):
  File "<stdin>", line 1, in <module>
TypeError: 'RDD' object is not callable
>>> bat_rdd = bat.rdd
>>> print(bat_rdd.collect())
[Row(batsman='SC Ganguly'), Row(batsman='BB McCullum'), Row(batsman='BB McCullum'), Row(batsman='BB McCullum'), Row(batsman='BB McCullum'), Row(batsman='BB McCullum'), Row(batsman='BB McCullum'), Row(batsman='BB McCullum'), Row(batsman='BB McCullum'), Row(batsman='BB McCullum'), Row(batsman='BB McCullum'), Row(batsman='BB McCullum'), Row(batsman='BB McCullum'), Row(batsman='SC Ganguly'), Row(batsman='SC Ganguly'), Row(batsman='SC Ganguly'), Row(batsman='BB McCullum'), Row(batsman='BB McCullum'), Row(batsman='SC Ganguly'), Row(batsman='BB McCullum'), Row(batsman='BB McCullum'), Row(batsman='BB McCullum'), Row(batsman='SC Ganguly'), Row(batsman='SC Ganguly'), Row(batsman='SC Ganguly'), Row(batsman='BB McCullum'), Row(batsman='SC Ganguly'), Row(batsman='SC Ganguly'), Row(batsman='BB McCullum'), Row(batsman='BB McCullum'), Row(batsman='BB McCullum'), Row(batsman='SC Ganguly'), Row(batsman='BB McCullum'), Row(batsman='SC Ganguly'), Row(batsman='RT Ponting'), Row(batsman='RT Ponting'), Row(batsman='RT Ponting'), Row(batsman='RT Ponting'), Row(batsman='BB McCullum'), Row(batsman='RT Ponting'), Row(batsman='BB McCullum'), Row(batsman='RT Ponting'), Row(batsman='RT Ponting'), Row(batsman='BB McCullum'), Row(batsman='BB McCullum'), Row(batsman='BB McCullum'), Row(batsman='RT Ponting'), Row(batsman='BB McCullum'), Row(batsman='RT Ponting'), Row(batsman='BB McCullum'), Row(batsman='BB McCullum'), Row(batsman='BB McCullum'), Row(batsman='BB McCullum'), Row(batsman='BB McCullum'), Row(batsman='RT Ponting'), Row(batsman='BB McCullum'), Row(batsman='RT Ponting'), Row(batsman='BB McCullum'), Row(batsman='RT Ponting'), Row(batsman='BB McCullum'), Row(batsman='BB McCullum'), Row(batsman='BB McCullum'), Row(batsman='BB McCullum'), Row(batsman='RT Ponting'), Row(batsman='RT Ponting'), Row(batsman='RT Ponting'), Row(batsman='RT Ponting'), Row(batsman='RT Ponting'), Row(batsman='BB McCullum'), Row(batsman='BB McCullum'), Row(batsman='BB McCullum'), Row(batsman='BB McCullum'), Row(batsman='RT Ponting'), Row(batsman='RT Ponting'), Row(batsman='RT Ponting'), Row(batsman='BB McCullum'), Row(batsman='BB McCullum'), Row(batsman='BB McCullum'), Row(batsman='BB McCullum'), Row(batsman='BB McCullum'), Row(batsman='BB McCullum'), Row(batsman='BB McCullum'), Row(batsman='DJ Hussey'), Row(batsman='DJ Hussey'), Row(batsman='BB McCullum'), Row(batsman='DJ Hussey'), Row(batsman='BB McCullum'), Row(batsman='DJ Hussey'), Row(batsman='DJ Hussey'), Row(batsman='BB McCullum'), Row(batsman='BB McCullum'), Row(batsman='BB McCullum'), Row(batsman='DJ Hussey'), Row(batsman='BB McCullum'), Row(batsman='DJ Hussey'), Row(batsman='DJ Hussey'), Row(batsman='BB McCullum'), Row(batsman='BB McCullum'), Row(batsman='BB McCullum'), Row(batsman='DJ Hussey'), Row(batsman='BB McCullum'), Row(batsman='DJ Hussey'), Row(batsman='DJ Hussey'), Row(batsman='BB McCullum'), Row(batsman='BB McCullum'), Row(batsman='BB McCullum'), Row(batsman='DJ Hussey'), Row(batsman='BB McCullum'), Row(batsman='Mohammad Hafeez'), Row(batsman='Mohammad Hafeez'), Row(batsman='BB McCullum'), Row(batsman='BB McCullum'), Row(batsman='BB McCullum'), Row(batsman='BB McCullum'), Row(batsman='BB McCullum'), Row(batsman='BB McCullum'), Row(batsman='BB McCullum'), Row(batsman='Mohammad Hafeez'), Row(batsman='BB McCullum'), Row(batsman='BB McCullum'), Row(batsman='BB McCullum'), Row(batsman='BB McCullum'), Row(batsman='BB McCullum'), Row(batsman='BB McCullum'), Row(batsman='R Dravid'), Row(batsman='W Jaffer'), Row(batsman='W Jaffer'), Row(batsman='W Jaffer'), Row(batsman='R Dravid'), Row(batsman='W Jaffer'), Row(batsman='W Jaffer'), Row(batsman='R Dravid'), Row(batsman='V Kohli'), Row(batsman='V Kohli'), Row(batsman='V Kohli'), Row(batsman='W Jaffer'), Row(batsman='W Jaffer'), Row(batsman='V Kohli'), Row(batsman='V Kohli'), Row(batsman='JH Kallis'), Row(batsman='W Jaffer'), Row(batsman='W Jaffer'), Row(batsman='W Jaffer'), Row(batsman='W Jaffer'), Row(batsman='W Jaffer'), Row(batsman='W Jaffer'), Row(batsman='JH Kallis'), Row(batsman='JH Kallis'), Row(batsman='W Jaffer'), Row(batsman='W Jaffer'), Row(batsman='JH Kallis'), Row(batsman='W Jaffer'), Row(batsman='JH Kallis'), Row(batsman='JH Kallis'), Row(batsman='JH Kallis'), Row(batsman='CL White'), Row(batsman='W Jaffer'), Row(batsman='W Jaffer'), Row(batsman='MV Boucher'), Row(batsman='MV Boucher'), Row(batsman='CL White'), Row(batsman='MV Boucher'), Row(batsman='CL White'), Row(batsman='CL White'), Row(batsman='CL White'), Row(batsman='MV Boucher'), Row(batsman='MV Boucher'), Row(batsman='MV Boucher'), Row(batsman='MV Boucher'), Row(batsman='MV Boucher'), Row(batsman='CL White'), Row(batsman='MV Boucher'), Row(batsman='CL White'), Row(batsman='MV Boucher'), Row(batsman='MV Boucher'), Row(batsman='CL White'), Row(batsman='B Akhil'), Row(batsman='B Akhil'), Row(batsman='AA Noffke'), Row(batsman='AA Noffke'), Row(batsman='AA Noffke'), Row(batsman='AA Noffke'), Row(batsman='CL White'), Row(batsman='CL White'), Row(batsman='AA Noffke'), Row(batsman='P Kumar'), Row(batsman='P Kumar'), Row(batsman='P Kumar'), Row(batsman='P Kumar'), Row(batsman='AA Noffke'), Row(batsman='AA Noffke'), Row(batsman='AA Noffke'), Row(batsman='AA Noffke'), Row(batsman='AA Noffke'), Row(batsman='AA Noffke'), Row(batsman='P Kumar'), Row(batsman='P Kumar'), Row(batsman='AA Noffke'), Row(batsman='Z Khan'), Row(batsman='Z Khan'), Row(batsman='Z Khan'), Row(batsman='P Kumar'), Row(batsman='P Kumar'), Row(batsman='P Kumar'), Row(batsman='P Kumar'), Row(batsman='Z Khan'), Row(batsman='P Kumar'), Row(batsman='Z Khan'), Row(batsman='Z Khan'), Row(batsman='Z Khan'), Row(batsman='Z Khan'), Row(batsman='SB Joshi'), Row(batsman='P Kumar'), Row(batsman='P Kumar'), Row(batsman='P Kumar'), Row(batsman='P Kumar'), Row(batsman='SB Joshi'), Row(batsman='SB Joshi'), Row(batsman='SB Joshi'), Row(batsman='SB Joshi'), Row(batsman='P Kumar'), Row(batsman='SB Joshi'), Row(batsman='P Kumar'), Row(batsman='SB Joshi'), Row(batsman='SB Joshi')]
>>> bowler_rdd = bowlers.rdd
>>> print(bowler_rdd.collect())
[Row(bowler='P Kumar'), Row(bowler='P Kumar'), Row(bowler='P Kumar'), Row(bowler='P Kumar'), Row(bowler='P Kumar'), Row(bowler='P Kumar'), Row(bowler='P Kumar'), Row(bowler='Z Khan'), Row(bowler='Z Khan'), Row(bowler='Z Khan'), Row(bowler='Z Khan'), Row(bowler='Z Khan'), Row(bowler='Z Khan'), Row(bowler='P Kumar'), Row(bowler='P Kumar'), Row(bowler='P Kumar'), Row(bowler='P Kumar'), Row(bowler='P Kumar'), Row(bowler='P Kumar'), Row(bowler='AA Noffke'), Row(bowler='AA Noffke'), Row(bowler='AA Noffke'), Row(bowler='AA Noffke'), Row(bowler='AA Noffke'), Row(bowler='AA Noffke'), Row(bowler='AA Noffke'), Row(bowler='P Kumar'), Row(bowler='P Kumar'), Row(bowler='P Kumar'), Row(bowler='P Kumar'), Row(bowler='P Kumar'), Row(bowler='P Kumar'), Row(bowler='Z Khan'), Row(bowler='Z Khan'), Row(bowler='Z Khan'), Row(bowler='Z Khan'), Row(bowler='Z Khan'), Row(bowler='Z Khan'), Row(bowler='AA Noffke'), Row(bowler='AA Noffke'), Row(bowler='AA Noffke'), Row(bowler='AA Noffke'), Row(bowler='AA Noffke'), Row(bowler='AA Noffke'), Row(bowler='Z Khan'), Row(bowler='Z Khan'), Row(bowler='Z Khan'), Row(bowler='Z Khan'), Row(bowler='Z Khan'), Row(bowler='Z Khan'), Row(bowler='JH Kallis'), Row(bowler='JH Kallis'), Row(bowler='JH Kallis'), Row(bowler='JH Kallis'), Row(bowler='JH Kallis'), Row(bowler='JH Kallis'), Row(bowler='SB Joshi'), Row(bowler='SB Joshi'), Row(bowler='SB Joshi'), Row(bowler='SB Joshi'), Row(bowler='SB Joshi'), Row(bowler='SB Joshi'), Row(bowler='JH Kallis'), Row(bowler='JH Kallis'), Row(bowler='JH Kallis'), Row(bowler='JH Kallis'), Row(bowler='JH Kallis'), Row(bowler='JH Kallis'), Row(bowler='SB Joshi'), Row(bowler='SB Joshi'), Row(bowler='SB Joshi'), Row(bowler='SB Joshi'), Row(bowler='SB Joshi'), Row(bowler='SB Joshi'), Row(bowler='JH Kallis'), Row(bowler='JH Kallis'), Row(bowler='JH Kallis'), Row(bowler='JH Kallis'), Row(bowler='JH Kallis'), Row(bowler='JH Kallis'), Row(bowler='JH Kallis'), Row(bowler='SB Joshi'), Row(bowler='SB Joshi'), Row(bowler='SB Joshi'), Row(bowler='SB Joshi'), Row(bowler='SB Joshi'), Row(bowler='SB Joshi'), Row(bowler='CL White'), Row(bowler='CL White'), Row(bowler='CL White'), Row(bowler='CL White'), Row(bowler='CL White'), Row(bowler='CL White'), Row(bowler='CL White'), Row(bowler='AA Noffke'), Row(bowler='AA Noffke'), Row(bowler='AA Noffke'), Row(bowler='AA Noffke'), Row(bowler='AA Noffke'), Row(bowler='AA Noffke'), Row(bowler='Z Khan'), Row(bowler='Z Khan'), Row(bowler='Z Khan'), Row(bowler='Z Khan'), Row(bowler='Z Khan'), Row(bowler='Z Khan'), Row(bowler='AA Noffke'), Row(bowler='AA Noffke'), Row(bowler='AA Noffke'), Row(bowler='AA Noffke'), Row(bowler='AA Noffke'), Row(bowler='AA Noffke'), Row(bowler='JH Kallis'), Row(bowler='JH Kallis'), Row(bowler='JH Kallis'), Row(bowler='JH Kallis'), Row(bowler='JH Kallis'), Row(bowler='JH Kallis'), Row(bowler='P Kumar'), Row(bowler='P Kumar'), Row(bowler='P Kumar'), Row(bowler='P Kumar'), Row(bowler='P Kumar'), Row(bowler='P Kumar'), Row(bowler='AB Dinda'), Row(bowler='AB Dinda'), Row(bowler='AB Dinda'), Row(bowler='AB Dinda'), Row(bowler='AB Dinda'), Row(bowler='AB Dinda'), Row(bowler='AB Dinda'), Row(bowler='I Sharma'), Row(bowler='I Sharma'), Row(bowler='I Sharma'), Row(bowler='I Sharma'), Row(bowler='I Sharma'), Row(bowler='I Sharma'), Row(bowler='AB Dinda'), Row(bowler='AB Dinda'), Row(bowler='AB Dinda'), Row(bowler='AB Dinda'), Row(bowler='AB Dinda'), Row(bowler='AB Dinda'), Row(bowler='AB Dinda'), Row(bowler='I Sharma'), Row(bowler='I Sharma'), Row(bowler='I Sharma'), Row(bowler='I Sharma'), Row(bowler='I Sharma'), Row(bowler='I Sharma'), Row(bowler='AB Agarkar'), Row(bowler='AB Agarkar'), Row(bowler='AB Agarkar'), Row(bowler='AB Agarkar'), Row(bowler='AB Agarkar'), Row(bowler='AB Agarkar'), Row(bowler='AB Dinda'), Row(bowler='AB Dinda'), Row(bowler='AB Dinda'), Row(bowler='AB Dinda'), Row(bowler='AB Dinda'), Row(bowler='AB Dinda'), Row(bowler='AB Agarkar'), Row(bowler='AB Agarkar'), Row(bowler='AB Agarkar'), Row(bowler='AB Agarkar'), Row(bowler='AB Agarkar'), Row(bowler='AB Agarkar'), Row(bowler='AB Agarkar'), Row(bowler='AB Agarkar'), Row(bowler='SC Ganguly'), Row(bowler='SC Ganguly'), Row(bowler='SC Ganguly'), Row(bowler='SC Ganguly'), Row(bowler='SC Ganguly'), Row(bowler='SC Ganguly'), Row(bowler='AB Agarkar'), Row(bowler='AB Agarkar'), Row(bowler='AB Agarkar'), Row(bowler='AB Agarkar'), Row(bowler='AB Agarkar'), Row(bowler='AB Agarkar'), Row(bowler='AB Agarkar'), Row(bowler='AB Agarkar'), Row(bowler='SC Ganguly'), Row(bowler='SC Ganguly'), Row(bowler='SC Ganguly'), Row(bowler='SC Ganguly'), Row(bowler='SC Ganguly'), Row(bowler='SC Ganguly'), Row(bowler='SC Ganguly'), Row(bowler='AB Agarkar'), Row(bowler='AB Agarkar'), Row(bowler='AB Agarkar'), Row(bowler='AB Agarkar'), Row(bowler='AB Agarkar'), Row(bowler='AB Agarkar'), Row(bowler='SC Ganguly'), Row(bowler='SC Ganguly'), Row(bowler='SC Ganguly'), Row(bowler='SC Ganguly'), Row(bowler='SC Ganguly'), Row(bowler='SC Ganguly'), Row(bowler='LR Shukla'), Row(bowler='LR Shukla'), Row(bowler='LR Shukla'), Row(bowler='LR Shukla'), Row(bowler='LR Shukla'), Row(bowler='LR Shukla'), Row(bowler='LR Shukla'), Row(bowler='SC Ganguly'), Row(bowler='SC Ganguly'), Row(bowler='SC Ganguly'), Row(bowler='SC Ganguly'), Row(bowler='SC Ganguly'), Row(bowler='SC Ganguly'), Row(bowler='I Sharma'), Row(bowler='I Sharma'), Row(bowler='I Sharma'), Row(bowler='I Sharma'), Row(bowler='I Sharma'), Row(bowler='I Sharma'), Row(bowler='I Sharma'), Row(bowler='LR Shukla'), Row(bowler='LR Shukla')]
>>> bat_rdd=bat_rdd.withColumn('row_index', row_number().over(Window.orderBy(monotonically_increasing_id())))
Traceback (most recent call last):
  File "<stdin>", line 1, in <module>
AttributeError: 'RDD' object has no attribute 'withColumn'
>>> bat_rdd=bat.withColumn('row_index', row_number().over(Window.orderBy(monotonically_increasing_id())))
>>> bowler_rdd=bowlers.withColumn('row_index', row_number().over(Window.orderBy(monotonically_increasing_id())))
>>> total = bowler_rdd.join(bat_rdd, on=["row_index"]).drop("row_index")
>>> total.show()
21/08/27 13:14:44 WARN WindowExec: No Partition Defined for Window operation! Moving all data to a single partition, this can cause serious performance degradation.
21/08/27 13:14:44 WARN WindowExec: No Partition Defined for Window operation! Moving all data to a single partition, this can cause serious performance degradation.
+---------+-----------+
|   bowler|    batsman|
+---------+-----------+
|  P Kumar| SC Ganguly|
|  P Kumar|BB McCullum|
|  P Kumar|BB McCullum|
|  P Kumar|BB McCullum|
|  P Kumar|BB McCullum|
|  P Kumar|BB McCullum|
|  P Kumar|BB McCullum|
|   Z Khan|BB McCullum|
|   Z Khan|BB McCullum|
|   Z Khan|BB McCullum|
|   Z Khan|BB McCullum|
|   Z Khan|BB McCullum|
|   Z Khan|BB McCullum|
|  P Kumar| SC Ganguly|
|  P Kumar| SC Ganguly|
|  P Kumar| SC Ganguly|
|  P Kumar|BB McCullum|
|  P Kumar|BB McCullum|
|  P Kumar| SC Ganguly|
|AA Noffke|BB McCullum|
+---------+-----------+
only showing top 20 rows

>>> total.summary().show()
21/08/27 13:15:03 WARN WindowExec: No Partition Defined for Window operation! Moving all data to a single partition, this can cause serious performance degradation.
21/08/27 13:15:03 WARN WindowExec: No Partition Defined for Window operation! Moving all data to a single partition, this can cause serious performance degradation.
+-------+---------+---------+
|summary|   bowler|  batsman|
+-------+---------+---------+
|  count|      225|      225|
|   mean|     null|     null|
| stddev|     null|     null|
|    min|AA Noffke|AA Noffke|
|    25%|     null|     null|
|    50%|     null|     null|
|    75%|     null|     null|
|    max|   Z Khan|   Z Khan|
+-------+---------+---------+

>>> runs_rdd=runs.withColumn('row_index', row_number().over(Window.orderBy(monotonically_increasing_id())))
>>> total=total.withColumn('row_index', row_number().over(Window.orderBy(monotonically_increasing_id())))
>>> total = total.join(runs_rdd, on=["row_index"]).drop("row_index")
>>> total.summary().show()
21/08/27 13:17:51 WARN WindowExec: No Partition Defined for Window operation! Moving all data to a single partition, this can cause serious performance degradation.
21/08/27 13:17:51 WARN WindowExec: No Partition Defined for Window operation! Moving all data to a single partition, this can cause serious performance degradation.
21/08/27 13:17:51 WARN WindowExec: No Partition Defined for Window operation! Moving all data to a single partition, this can cause serious performance degradation.
21/08/27 13:17:51 WARN WindowExec: No Partition Defined for Window operation! Moving all data to a single partition, this can cause serious performance degradation.
[Stage 72:>                                                         (0 + 1) / 1                                                                               +-------+---------+---------+-----------------+
|summary|   bowler|  batsman|             runs|
+-------+---------+---------+-----------------+
|  count|      225|      225|              225|
|   mean|     null|     null|1.191111111111111|
| stddev|     null|     null|1.771276555177264|
|    min|AA Noffke|AA Noffke|                0|
|    25%|     null|     null|                0|
|    50%|     null|     null|                1|
|    75%|     null|     null|                1|
|    max|   Z Khan|   Z Khan|                6|
+-------+---------+---------+-----------------+

>>> total.show(400,False)
21/08/27 13:18:13 WARN WindowExec: No Partition Defined for Window operation! Moving all data to a single partition, this can cause serious performance degradation.
21/08/27 13:18:13 WARN WindowExec: No Partition Defined for Window operation! Moving all data to a single partition, this can cause serious performance degradation.
21/08/27 13:18:13 WARN WindowExec: No Partition Defined for Window operation! Moving all data to a single partition, this can cause serious performance degradation.
21/08/27 13:18:13 WARN WindowExec: No Partition Defined for Window operation! Moving all data to a single partition, this can cause serious performance degradation.
+----------+---------------+----+
|bowler    |batsman        |runs|
+----------+---------------+----+
|P Kumar   |SC Ganguly     |0   |
|P Kumar   |BB McCullum    |0   |
|P Kumar   |BB McCullum    |0   |
|P Kumar   |BB McCullum    |0   |
|P Kumar   |BB McCullum    |0   |
|P Kumar   |BB McCullum    |0   |
|P Kumar   |BB McCullum    |0   |
|Z Khan    |BB McCullum    |0   |
|Z Khan    |BB McCullum    |4   |
|Z Khan    |BB McCullum    |4   |
|Z Khan    |BB McCullum    |6   |
|Z Khan    |BB McCullum    |4   |
|Z Khan    |BB McCullum    |0   |
|P Kumar   |SC Ganguly     |0   |
|P Kumar   |SC Ganguly     |0   |
|P Kumar   |SC Ganguly     |0   |
|P Kumar   |BB McCullum    |4   |
|P Kumar   |BB McCullum    |1   |
|P Kumar   |SC Ganguly     |0   |
|AA Noffke |BB McCullum    |0   |
|AA Noffke |BB McCullum    |6   |
|AA Noffke |BB McCullum    |0   |
|AA Noffke |SC Ganguly     |4   |
|AA Noffke |SC Ganguly     |0   |
|AA Noffke |SC Ganguly     |1   |
|AA Noffke |BB McCullum    |6   |
|P Kumar   |SC Ganguly     |4   |
|P Kumar   |SC Ganguly     |1   |
|P Kumar   |BB McCullum    |4   |
|P Kumar   |BB McCullum    |0   |
|P Kumar   |BB McCullum    |1   |
|P Kumar   |SC Ganguly     |0   |
|Z Khan    |BB McCullum    |1   |
|Z Khan    |SC Ganguly     |0   |
|Z Khan    |RT Ponting     |0   |
|Z Khan    |RT Ponting     |0   |
|Z Khan    |RT Ponting     |0   |
|Z Khan    |RT Ponting     |0   |
|AA Noffke |BB McCullum    |1   |
|AA Noffke |RT Ponting     |1   |
|AA Noffke |BB McCullum    |1   |
|AA Noffke |RT Ponting     |2   |
|AA Noffke |RT Ponting     |1   |
|AA Noffke |BB McCullum    |1   |
|Z Khan    |BB McCullum    |0   |
|Z Khan    |BB McCullum    |1   |
|Z Khan    |RT Ponting     |1   |
|Z Khan    |BB McCullum    |1   |
|Z Khan    |RT Ponting     |1   |
|Z Khan    |BB McCullum    |1   |
|JH Kallis |BB McCullum    |0   |
|JH Kallis |BB McCullum    |0   |
|JH Kallis |BB McCullum    |0   |
|JH Kallis |BB McCullum    |1   |
|JH Kallis |RT Ponting     |1   |
|JH Kallis |BB McCullum    |2   |
|SB Joshi  |RT Ponting     |1   |
|SB Joshi  |BB McCullum    |1   |
|SB Joshi  |RT Ponting     |1   |
|SB Joshi  |BB McCullum    |0   |
|SB Joshi  |BB McCullum    |6   |
|SB Joshi  |BB McCullum    |1   |
|JH Kallis |BB McCullum    |1   |
|JH Kallis |RT Ponting     |4   |
|JH Kallis |RT Ponting     |0   |
|JH Kallis |RT Ponting     |6   |
|JH Kallis |RT Ponting     |0   |
|JH Kallis |RT Ponting     |0   |
|SB Joshi  |BB McCullum    |0   |
|SB Joshi  |BB McCullum    |6   |
|SB Joshi  |BB McCullum    |2   |
|SB Joshi  |BB McCullum    |1   |
|SB Joshi  |RT Ponting     |0   |
|SB Joshi  |RT Ponting     |1   |
|JH Kallis |RT Ponting     |0   |
|JH Kallis |BB McCullum    |4   |
|JH Kallis |BB McCullum    |0   |
|JH Kallis |BB McCullum    |2   |
|JH Kallis |BB McCullum    |0   |
|JH Kallis |BB McCullum    |4   |
|JH Kallis |BB McCullum    |1   |
|SB Joshi  |BB McCullum    |1   |
|SB Joshi  |DJ Hussey      |0   |
|SB Joshi  |DJ Hussey      |1   |
|SB Joshi  |BB McCullum    |1   |
|SB Joshi  |DJ Hussey      |1   |
|SB Joshi  |BB McCullum    |2   |
|CL White  |DJ Hussey      |4   |
|CL White  |DJ Hussey      |1   |
|CL White  |BB McCullum    |6   |
|CL White  |BB McCullum    |4   |
|CL White  |BB McCullum    |0   |
|CL White  |DJ Hussey      |1   |
|CL White  |BB McCullum    |6   |
|AA Noffke |DJ Hussey      |0   |
|AA Noffke |DJ Hussey      |1   |
|AA Noffke |BB McCullum    |2   |
|AA Noffke |BB McCullum    |0   |
|AA Noffke |BB McCullum    |1   |
|AA Noffke |DJ Hussey      |0   |
|Z Khan    |BB McCullum    |1   |
|Z Khan    |DJ Hussey      |2   |
|Z Khan    |DJ Hussey      |1   |
|Z Khan    |BB McCullum    |6   |
|Z Khan    |BB McCullum    |2   |
|Z Khan    |BB McCullum    |2   |
|AA Noffke |DJ Hussey      |0   |
|AA Noffke |BB McCullum    |1   |
|AA Noffke |Mohammad Hafeez|0   |
|AA Noffke |Mohammad Hafeez|1   |
|AA Noffke |BB McCullum    |4   |
|AA Noffke |BB McCullum    |1   |
|JH Kallis |BB McCullum    |6   |
|JH Kallis |BB McCullum    |0   |
|JH Kallis |BB McCullum    |6   |
|JH Kallis |BB McCullum    |4   |
|JH Kallis |BB McCullum    |1   |
|JH Kallis |Mohammad Hafeez|4   |
|P Kumar   |BB McCullum    |6   |
|P Kumar   |BB McCullum    |6   |
|P Kumar   |BB McCullum    |2   |
|P Kumar   |BB McCullum    |0   |
|P Kumar   |BB McCullum    |2   |
|P Kumar   |BB McCullum    |6   |
|AB Dinda  |R Dravid       |1   |
|AB Dinda  |W Jaffer       |0   |
|AB Dinda  |W Jaffer       |0   |
|AB Dinda  |W Jaffer       |1   |
|AB Dinda  |R Dravid       |1   |
|AB Dinda  |W Jaffer       |0   |
|AB Dinda  |W Jaffer       |0   |
|I Sharma  |R Dravid       |0   |
|I Sharma  |V Kohli        |0   |
|I Sharma  |V Kohli        |0   |
|I Sharma  |V Kohli        |1   |
|I Sharma  |W Jaffer       |0   |
|I Sharma  |W Jaffer       |0   |
|AB Dinda  |V Kohli        |0   |
|AB Dinda  |V Kohli        |0   |
|AB Dinda  |JH Kallis      |1   |
|AB Dinda  |W Jaffer       |0   |
|AB Dinda  |W Jaffer       |0   |
|AB Dinda  |W Jaffer       |0   |
|AB Dinda  |W Jaffer       |1   |
|I Sharma  |W Jaffer       |2   |
|I Sharma  |W Jaffer       |1   |
|I Sharma  |JH Kallis      |0   |
|I Sharma  |JH Kallis      |0   |
|I Sharma  |W Jaffer       |0   |
|I Sharma  |W Jaffer       |0   |
|AB Agarkar|JH Kallis      |1   |
|AB Agarkar|W Jaffer       |1   |
|AB Agarkar|JH Kallis      |0   |
|AB Agarkar|JH Kallis      |6   |
|AB Agarkar|JH Kallis      |0   |
|AB Agarkar|CL White       |0   |
|AB Dinda  |W Jaffer       |0   |
|AB Dinda  |W Jaffer       |0   |
|AB Dinda  |MV Boucher     |0   |
|AB Dinda  |MV Boucher     |1   |
|AB Dinda  |CL White       |1   |
|AB Dinda  |MV Boucher     |0   |
|AB Agarkar|CL White       |0   |
|AB Agarkar|CL White       |0   |
|AB Agarkar|CL White       |1   |
|AB Agarkar|MV Boucher     |0   |
|AB Agarkar|MV Boucher     |0   |
|AB Agarkar|MV Boucher     |0   |
|AB Agarkar|MV Boucher     |0   |
|AB Agarkar|MV Boucher     |4   |
|SC Ganguly|CL White       |1   |
|SC Ganguly|MV Boucher     |0   |
|SC Ganguly|CL White       |1   |
|SC Ganguly|MV Boucher     |2   |
|SC Ganguly|MV Boucher     |0   |
|SC Ganguly|CL White       |0   |
|AB Agarkar|B Akhil        |0   |
|AB Agarkar|B Akhil        |0   |
|AB Agarkar|AA Noffke      |0   |
|AB Agarkar|AA Noffke      |0   |
|AB Agarkar|AA Noffke      |0   |
|AB Agarkar|AA Noffke      |1   |
|AB Agarkar|CL White       |2   |
|AB Agarkar|CL White       |0   |
|SC Ganguly|AA Noffke      |1   |
|SC Ganguly|P Kumar        |0   |
|SC Ganguly|P Kumar        |0   |
|SC Ganguly|P Kumar        |0   |
|SC Ganguly|P Kumar        |0   |
|SC Ganguly|AA Noffke      |4   |
|SC Ganguly|AA Noffke      |1   |
|AB Agarkar|AA Noffke      |0   |
|AB Agarkar|AA Noffke      |0   |
|AB Agarkar|AA Noffke      |0   |
|AB Agarkar|AA Noffke      |1   |
|AB Agarkar|P Kumar        |4   |
|AB Agarkar|P Kumar        |0   |
|SC Ganguly|AA Noffke      |1   |
|SC Ganguly|Z Khan         |0   |
|SC Ganguly|Z Khan         |0   |
|SC Ganguly|Z Khan         |1   |
|SC Ganguly|P Kumar        |0   |
|SC Ganguly|P Kumar        |1   |
|LR Shukla |P Kumar        |6   |
|LR Shukla |P Kumar        |0   |
|LR Shukla |Z Khan         |1   |
|LR Shukla |P Kumar        |1   |
|LR Shukla |Z Khan         |0   |
|LR Shukla |Z Khan         |0   |
|LR Shukla |Z Khan         |1   |
|SC Ganguly|Z Khan         |0   |
|SC Ganguly|SB Joshi       |1   |
|SC Ganguly|P Kumar        |0   |
|SC Ganguly|P Kumar        |0   |
|SC Ganguly|P Kumar        |0   |
|SC Ganguly|P Kumar        |6   |
|I Sharma  |SB Joshi       |0   |
|I Sharma  |SB Joshi       |0   |
|I Sharma  |SB Joshi       |0   |
|I Sharma  |SB Joshi       |1   |
|I Sharma  |P Kumar        |0   |
|I Sharma  |SB Joshi       |1   |
|I Sharma  |P Kumar        |0   |
|LR Shukla |SB Joshi       |0   |
|LR Shukla |SB Joshi       |0   |
+----------+---------------+----+

>>> statDF =total.groupby(‘batsman’,’bowler’).sum(‘runs’).orderBy(‘batsman’)
  File "<stdin>", line 1
    statDF =total.groupby(‘batsman’,’bowler’).sum(‘runs’).orderBy(‘batsman’)
                                  ^
SyntaxError: invalid character in identifier
>>> statDF =total.groupby("batsman","bowler").sum("runs").orderBy("batsman")
>>> statDf.show()
Traceback (most recent call last):
  File "<stdin>", line 1, in <module>
NameError: name 'statDf' is not defined
>>> statDF.show()
21/08/27 13:25:05 WARN WindowExec: No Partition Defined for Window operation! Moving all data to a single partition, this can cause serious performance degradation.
21/08/27 13:25:05 WARN WindowExec: No Partition Defined for Window operation! Moving all data to a single partition, this can cause serious performance degradation.
21/08/27 13:25:05 WARN WindowExec: No Partition Defined for Window operation! Moving all data to a single partition, this can cause serious performance degradation.
21/08/27 13:25:05 WARN WindowExec: No Partition Defined for Window operation! Moving all data to a single partition, this can cause serious performance degradation.
+-----------+----------+---------+
|    batsman|    bowler|sum(runs)|
+-----------+----------+---------+
|  AA Noffke|AB Agarkar|        2|
|  AA Noffke|SC Ganguly|        7|
|    B Akhil|AB Agarkar|        0|
|BB McCullum|    Z Khan|       33|
|BB McCullum| AA Noffke|       24|
|BB McCullum| JH Kallis|       32|
|BB McCullum|  SB Joshi|       21|
|BB McCullum|  CL White|       16|
|BB McCullum|   P Kumar|       32|
|   CL White|SC Ganguly|        2|
|   CL White|  AB Dinda|        1|
|   CL White|AB Agarkar|        3|
|  DJ Hussey|  CL White|        6|
|  DJ Hussey| AA Noffke|        1|
|  DJ Hussey|  SB Joshi|        2|
|  DJ Hussey|    Z Khan|        3|
|  JH Kallis|  I Sharma|        0|
|  JH Kallis|  AB Dinda|        1|
|  JH Kallis|AB Agarkar|        7|
| MV Boucher|AB Agarkar|        4|
+-----------+----------+---------+
only showing top 20 rows

>>> 
Traceback (most recent call last):
  File "/opt/spark/python/pyspark/context.py", line 285, in signal_handler
    raise KeyboardInterrupt()
KeyboardInterrupt
>>> statmaxDF = statDF.groupby("batsman","bowler").agg({"sum(runs)":"max"})
>>> statmaxDF.show()
21/08/27 13:31:45 WARN WindowExec: No Partition Defined for Window operation! Moving all data to a single partition, this can cause serious performance degradation.
21/08/27 13:31:45 WARN WindowExec: No Partition Defined for Window operation! Moving all data to a single partition, this can cause serious performance degradation.
21/08/27 13:31:45 WARN WindowExec: No Partition Defined for Window operation! Moving all data to a single partition, this can cause serious performance degradation.
21/08/27 13:31:45 WARN WindowExec: No Partition Defined for Window operation! Moving all data to a single partition, this can cause serious performance degradation.
+---------------+---------+--------------+
|        batsman|   bowler|max(sum(runs))|
+---------------+---------+--------------+
|     SC Ganguly|  P Kumar|             5|
|    BB McCullum|  P Kumar|            32|
|    BB McCullum|   Z Khan|            33|
|    BB McCullum|AA Noffke|            24|
|     SC Ganguly|AA Noffke|             5|
|     SC Ganguly|   Z Khan|             0|
|     RT Ponting|   Z Khan|             2|
|     RT Ponting|AA Noffke|             4|
|    BB McCullum|JH Kallis|            32|
|     RT Ponting|JH Kallis|            11|
|     RT Ponting| SB Joshi|             3|
|    BB McCullum| SB Joshi|            21|
|      DJ Hussey| SB Joshi|             2|
|      DJ Hussey| CL White|             6|
|    BB McCullum| CL White|            16|
|      DJ Hussey|AA Noffke|             1|
|      DJ Hussey|   Z Khan|             3|
|Mohammad Hafeez|AA Noffke|             1|
|Mohammad Hafeez|JH Kallis|             4|
|       R Dravid| AB Dinda|             2|
+---------------+---------+--------------+
only showing top 20 rows

>>> stat_max = statmaxDF.groupBy("batsman").max("max(sum(runs))") 
>>> stat_max.show()
21/08/27 13:37:45 WARN WindowExec: No Partition Defined for Window operation! Moving all data to a single partition, this can cause serious performance degradation.
21/08/27 13:37:45 WARN WindowExec: No Partition Defined for Window operation! Moving all data to a single partition, this can cause serious performance degradation.
21/08/27 13:37:45 WARN WindowExec: No Partition Defined for Window operation! Moving all data to a single partition, this can cause serious performance degradation.
21/08/27 13:37:46 WARN WindowExec: No Partition Defined for Window operation! Moving all data to a single partition, this can cause serious performance degradation.
+---------------+-------------------+
|        batsman|max(max(sum(runs)))|
+---------------+-------------------+
|     SC Ganguly|                  5|
|    BB McCullum|                 33|
|     RT Ponting|                 11|
|      DJ Hussey|                  6|
|Mohammad Hafeez|                  4|
|       R Dravid|                  2|
|       W Jaffer|                  3|
|        V Kohli|                  1|
|      JH Kallis|                  7|
|       CL White|                  3|
|     MV Boucher|                  4|
|        B Akhil|                  0|
|      AA Noffke|                  7|
|        P Kumar|                  7|
|         Z Khan|                  2|
|       SB Joshi|                  2|
+---------------+-------------------+

>>> stat_max_1 = statmaxDF.select("bowler").groupBy("batsman").max("max(sum(runs))") 
Traceback (most recent call last):
  File "<stdin>", line 1, in <module>
  File "/opt/spark/python/pyspark/sql/group.py", line 41, in _api
    jdf = getattr(self._jgd, name)(_to_seq(self.sql_ctx._sc, cols))
  File "/opt/spark/python/lib/py4j-0.10.9-src.zip/py4j/java_gateway.py", line 1304, in __call__
  File "/opt/spark/python/pyspark/sql/utils.py", line 117, in deco
    raise converted from None
pyspark.sql.utils.AnalysisException: Cannot resolve column name "max(sum(runs))" among (bowler)
>>> statmaxDF.show()
21/08/27 14:04:26 WARN WindowExec: No Partition Defined for Window operation! Moving all data to a single partition, this can cause serious performance degradation.
21/08/27 14:04:26 WARN WindowExec: No Partition Defined for Window operation! Moving all data to a single partition, this can cause serious performance degradation.
21/08/27 14:04:26 WARN WindowExec: No Partition Defined for Window operation! Moving all data to a single partition, this can cause serious performance degradation.
21/08/27 14:04:26 WARN WindowExec: No Partition Defined for Window operation! Moving all data to a single partition, this can cause serious performance degradation.
+---------------+---------+--------------+
|        batsman|   bowler|max(sum(runs))|
+---------------+---------+--------------+
|     SC Ganguly|  P Kumar|             5|
|    BB McCullum|  P Kumar|            32|
|    BB McCullum|   Z Khan|            33|
|    BB McCullum|AA Noffke|            24|
|     SC Ganguly|AA Noffke|             5|
|     SC Ganguly|   Z Khan|             0|
|     RT Ponting|   Z Khan|             2|
|     RT Ponting|AA Noffke|             4|
|    BB McCullum|JH Kallis|            32|
|     RT Ponting|JH Kallis|            11|
|     RT Ponting| SB Joshi|             3|
|    BB McCullum| SB Joshi|            21|
|      DJ Hussey| SB Joshi|             2|
|      DJ Hussey| CL White|             6|
|    BB McCullum| CL White|            16|
|      DJ Hussey|AA Noffke|             1|
|      DJ Hussey|   Z Khan|             3|
|Mohammad Hafeez|AA Noffke|             1|
|Mohammad Hafeez|JH Kallis|             4|
|       R Dravid| AB Dinda|             2|
+---------------+---------+--------------+
only showing top 20 rows

>>> stat_max_1 = statmaxDF.select("*").groupBy("batsman").max("max(sum(runs))") 
>>> stat_max_1.show()
21/08/27 14:05:57 WARN WindowExec: No Partition Defined for Window operation! Moving all data to a single partition, this can cause serious performance degradation.
21/08/27 14:05:57 WARN WindowExec: No Partition Defined for Window operation! Moving all data to a single partition, this can cause serious performance degradation.
21/08/27 14:05:57 WARN WindowExec: No Partition Defined for Window operation! Moving all data to a single partition, this can cause serious performance degradation.
21/08/27 14:05:57 WARN WindowExec: No Partition Defined for Window operation! Moving all data to a single partition, this can cause serious performance degradation.
[Stage 108:>                                                        (0 + 1) / 1                                                                               +---------------+-------------------+
|        batsman|max(max(sum(runs)))|
+---------------+-------------------+
|     SC Ganguly|                  5|
|    BB McCullum|                 33|
|     RT Ponting|                 11|
|      DJ Hussey|                  6|
|Mohammad Hafeez|                  4|
|       R Dravid|                  2|
|       W Jaffer|                  3|
|        V Kohli|                  1|
|      JH Kallis|                  7|
|       CL White|                  3|
|     MV Boucher|                  4|
|        B Akhil|                  0|
|      AA Noffke|                  7|
|        P Kumar|                  7|
|         Z Khan|                  2|
|       SB Joshi|                  2|
+---------------+-------------------+

>>> stat_max_1 = statmaxDF.groupBy("batsman","bowler").max("max(sum(runs))")
>>> stat_max_1.show()
21/08/27 14:07:27 WARN WindowExec: No Partition Defined for Window operation! Moving all data to a single partition, this can cause serious performance degradation.
21/08/27 14:07:27 WARN WindowExec: No Partition Defined for Window operation! Moving all data to a single partition, this can cause serious performance degradation.
21/08/27 14:07:27 WARN WindowExec: No Partition Defined for Window operation! Moving all data to a single partition, this can cause serious performance degradation.
21/08/27 14:07:27 WARN WindowExec: No Partition Defined for Window operation! Moving all data to a single partition, this can cause serious performance degradation.
+---------------+---------+-------------------+
|        batsman|   bowler|max(max(sum(runs)))|
+---------------+---------+-------------------+
|     SC Ganguly|  P Kumar|                  5|
|    BB McCullum|  P Kumar|                 32|
|    BB McCullum|   Z Khan|                 33|
|    BB McCullum|AA Noffke|                 24|
|     SC Ganguly|AA Noffke|                  5|
|     SC Ganguly|   Z Khan|                  0|
|     RT Ponting|   Z Khan|                  2|
|     RT Ponting|AA Noffke|                  4|
|    BB McCullum|JH Kallis|                 32|
|     RT Ponting|JH Kallis|                 11|
|     RT Ponting| SB Joshi|                  3|
|    BB McCullum| SB Joshi|                 21|
|      DJ Hussey| SB Joshi|                  2|
|      DJ Hussey| CL White|                  6|
|    BB McCullum| CL White|                 16|
|      DJ Hussey|AA Noffke|                  1|
|      DJ Hussey|   Z Khan|                  3|
|Mohammad Hafeez|AA Noffke|                  1|
|Mohammad Hafeez|JH Kallis|                  4|
|       R Dravid| AB Dinda|                  2|
+---------------+---------+-------------------+
only showing top 20 rows

>>> resultset = df.groupBy("id").sum("salary");
Traceback (most recent call last):
  File "<stdin>", line 1, in <module>
NameError: name 'df' is not defined
>>> joinedDS = studentDataset.join(resultset, "id");
Traceback (most recent call last):
  File "<stdin>", line 1, in <module>
NameError: name 'studentDataset' is not defined
>>> final = statmaxDF

